******************************************************************************
             TMS320C2000 Linker PC v18.12.8                    
******************************************************************************
>> Linked Sat Jun 11 16:38:28 2022

OUTPUT FILE NAME:   <./output_TI2806x/Controller.out>
ENTRY POINT SYMBOL: "_c_int00"  address: 0000bc49


MEMORY CONFIGURATION

         name            origin    length      used     unused   attr    fill
----------------------  --------  ---------  --------  --------  ----  --------
PAGE 0:
  BOOT_RSVD             00000000   00000050  00000000  00000050  RWIX
  RAMM0                 00000050   000003b0  00000000  000003b0  RWIX
  RAMM1                 00000400   00000400  00000300  00000100  RWIX
  BEGIN                 00008800   00000002  00000002  00000000  RWIX
  PRAML                 00008802   000057fe  00003660  0000219e  RWIX
  RAML                  0000e000   00004700  00000a13  00003ced  RWIX
  RAML8_RSVD1           00013700   00000100  00000000  00000100  RWIX
  RAML8_RSVD2           00013800   00000800  00000000  00000800  RWIX
  ROM                   003ff3b0   00000c10  00000000  00000c10  RWIX
  RESET                 003fffc0   00000002  00000000  00000002  RWIX
  VECTORS               003fffc2   0000003e  00000000  0000003e  RWIX

PAGE 1:
  DEV_EMU               00000880   00000105  00000000  00000105  RWIX
  SYS_PWR_CTL           00000985   00000003  00000000  00000003  RWIX
  FLASH_REGS            00000a80   00000060  00000008  00000058  RWIX
  CSM                   00000ae0   00000020  00000000  00000020  RWIX
  ADC_RESULT            00000b00   00000020  00000010  00000010  RWIX
  CPU_TIMER0            00000c00   00000008  00000008  00000000  RWIX
  CPU_TIMER1            00000c08   00000008  00000008  00000000  RWIX
  CPU_TIMER2            00000c10   00000008  00000008  00000000  RWIX
  PIE_CTRL              00000ce0   00000020  0000001a  00000006  RWIX
  PIE_VECT              00000d00   00000100  00000100  00000000  RWIX
  DMA                   00001000   00000200  00000000  00000200  RWIX
  CLA1                  00001400   00000080  00000000  00000080  RWIX
  USB0                  00004000   00001000  00000000  00001000  RWIX
  McBSPA                00005000   00000040  00000000  00000040  RWIX
  ECANA                 00006000   00000040  00000000  00000040  RWIX
  ECANA_LAM             00006040   00000040  00000000  00000040  RWIX
  ECANA_MOTS            00006080   00000040  00000000  00000040  RWIX
  ECANA_MOTO            000060c0   00000040  00000000  00000040  RWIX
  ECANA_MBOX            00006100   00000100  00000000  00000100  RWIX
  COMP1                 00006400   00000020  00000000  00000020  RWIX
  COMP2                 00006420   00000020  00000000  00000020  RWIX
  COMP3                 00006440   00000020  00000000  00000020  RWIX
  EPWM1                 00006800   00000040  00000040  00000000  RWIX
  EPWM2                 00006840   00000040  00000040  00000000  RWIX
  EPWM3                 00006880   00000040  00000040  00000000  RWIX
  EPWM4                 000068c0   00000040  00000040  00000000  RWIX
  EPWM5                 00006900   00000040  00000040  00000000  RWIX
  EPWM6                 00006940   00000040  00000040  00000000  RWIX
  EPWM7                 00006980   00000040  00000040  00000000  RWIX
  EPWM8                 000069c0   00000040  00000040  00000000  RWIX
  ECAP1                 00006a00   00000020  00000000  00000020  RWIX
  ECAP2                 00006a20   00000020  00000000  00000020  RWIX
  ECAP3                 00006a40   00000020  00000000  00000020  RWIX
  HRCAP1                00006ac0   00000020  00000000  00000020  RWIX
  HRCAP2                00006ae0   00000020  00000000  00000020  RWIX
  EQEP1                 00006b00   00000040  00000000  00000040  RWIX
  EQEP2                 00006b40   00000040  00000000  00000040  RWIX
  HRCAP3                00006c80   00000020  00000000  00000020  RWIX
  HRCAP4                00006ca0   00000020  00000000  00000020  RWIX
  GPIOCTRL              00006f80   00000040  00000040  00000000  RWIX
  GPIODAT               00006fc0   00000020  00000020  00000000  RWIX
  GPIOINT               00006fe0   00000020  00000000  00000020  RWIX
  SYSTEM                00007010   00000030  00000030  00000000  RWIX
  SPIA                  00007040   00000010  00000000  00000010  RWIX
  SCIA                  00007050   00000010  00000010  00000000  RWIX
  NMIINTRUPT            00007060   00000010  00000000  00000010  RWIX
  XINTRUPT              00007070   00000010  00000000  00000010  RWIX
  ADC                   00007100   00000080  00000050  00000030  RWIX
  SPIB                  00007740   00000010  00000000  00000010  RWIX
  SCIB                  00007750   00000010  00000000  00000010  RWIX
  I2CA                  00007900   00000040  00000000  00000040  RWIX
  PARTID                003d7e80   00000001  00000000  00000001  RWIX
  CSM_PWL               003f7ff8   00000008  00000000  00000008  RWIX


SECTION ALLOCATION MAP

 output                                  attributes/
section   page    origin      length       input sections
--------  ----  ----------  ----------   ----------------
PieVectTableFile 
*          1    00000d00    00000100     UNINITIALIZED
                  00000d00    00000100     F2806x_GlobalVariableDefs.obj (PieVectTableFile)

EmuKeyVar 
*          1    00000d00    00000000     UNINITIALIZED

EmuBModeVar 
*          1    00000d00    00000000     UNINITIALIZED

FlashCallbackVar 
*          1    00000d00    00000000     UNINITIALIZED

FlashScalingVar 
*          1    00000d00    00000000     UNINITIALIZED

FlashRegsFile 
*          1    00000a80    00000008     UNINITIALIZED
                  00000a80    00000008     F2806x_GlobalVariableDefs.obj (FlashRegsFile)

AdcResultFile 
*          1    00000b00    00000010     UNINITIALIZED
                  00000b00    00000010     F2806x_GlobalVariableDefs.obj (AdcResultFile)

CpuTimer0RegsFile 
*          1    00000c00    00000008     UNINITIALIZED
                  00000c00    00000008     F2806x_GlobalVariableDefs.obj (CpuTimer0RegsFile)

CpuTimer1RegsFile 
*          1    00000c08    00000008     UNINITIALIZED
                  00000c08    00000008     F2806x_GlobalVariableDefs.obj (CpuTimer1RegsFile)

CpuTimer2RegsFile 
*          1    00000c10    00000008     UNINITIALIZED
                  00000c10    00000008     F2806x_GlobalVariableDefs.obj (CpuTimer2RegsFile)

PieCtrlRegsFile 
*          1    00000ce0    0000001a     UNINITIALIZED
                  00000ce0    0000001a     F2806x_GlobalVariableDefs.obj (PieCtrlRegsFile)

GpioCtrlRegsFile 
*          1    00006f80    00000040     UNINITIALIZED
                  00006f80    00000040     F2806x_GlobalVariableDefs.obj (GpioCtrlRegsFile)

GpioDataRegsFile 
*          1    00006fc0    00000020     UNINITIALIZED
                  00006fc0    00000020     F2806x_GlobalVariableDefs.obj (GpioDataRegsFile)

SysCtrlRegsFile 
*          1    00007010    00000030     UNINITIALIZED
                  00007010    00000030     F2806x_GlobalVariableDefs.obj (SysCtrlRegsFile)

SciaRegsFile 
*          1    00007050    00000010     UNINITIALIZED
                  00007050    00000010     F2806x_GlobalVariableDefs.obj (SciaRegsFile)

AdcRegsFile 
*          1    00007100    00000050     UNINITIALIZED
                  00007100    00000050     F2806x_GlobalVariableDefs.obj (AdcRegsFile)

codestart 
*          0    00008800    00000002     
                  00008800    00000002     F2806x_CodeStartBranch.obj (codestart)

.text      0    0000891a    0000339c     
                  0000891a    0000068d     Controller.obj (.text)
                  00008fa7    0000061f     pil_c28_fpu32_eabi.lib : probes.obj (.text)
                  000095c6    0000061d     Controller_hal.obj (.text)
                  00009be3    000004d3     pil_c28_fpu32_eabi.lib : scope.obj (.text)
                  0000a0b6    000003f8                            : pil.obj (.text)
                  0000a4ae    00000352     pwm_2806x.obj (.text)
                  0000a800    00000328     pil_c28_fpu32_eabi.lib : seriallink.obj (.text)
                  0000ab28    00000226                            : basicservices.obj (.text)
                  0000ad4e    00000202                            : remoteagent.obj (.text)
                  0000af50    00000172                            : parallelbridge.obj (.text)
                  0000b0c2    00000163     ain_2806x.obj (.text)
                  0000b225    0000013a     dispatcher.obj (.text)
                  0000b35f    0000012f     power.obj (.text)
                  0000b48e    0000011f     dio_2806x.obj (.text)
                  0000b5ad    000000e9     rts2800_fpu32_eabi.lib : s_floor.c.obj (.text)
                  0000b696    000000df     F2806x_DevInit.obj (.text)
                  0000b775    0000009c     rts2800_fpu32_eabi.lib : fd_add28.asm.obj (.text)
                  0000b811    0000008b                            : fd_div28.asm.obj (.text)
                  0000b89c    00000088                            : fs_div28.asm.obj (.text)
                  0000b924    00000083                            : fd_mpy28.asm.obj (.text)
                  0000b9a7    0000006c     Controller_0.obj (.text)
                  0000ba13    00000064     pil_c28_fpu32_eabi.lib : ringbuf.obj (.text)
                  0000ba77    00000061     sci_2806x.obj (.text)
                  0000bad8    00000037     Controller_hal.obj (.text:retain)
                  0000bb0f    00000031     rts2800_fpu32_eabi.lib : copy_decompress_lzss.c.obj (.text:decompress:lzss)
                  0000bb40    0000002b                            : autoinit.c.obj (.text:__TI_auto_init_nobinit_nopinit)
                  0000bb6b    0000002a                            : fd_cmp28.asm.obj (.text)
                  0000bb95    00000029                            : exit.c.obj (.text)
                  0000bbbe    0000001f                            : fd_tol28.asm.obj (.text)
                  0000bbdd    0000001d                            : memcpy.c.obj (.text)
                  0000bbfa    0000001c                            : fs_tofdfpu32.asm.obj (.text)
                  0000bc16    0000001b                            : fd_toul28.asm.obj (.text)
                  0000bc31    00000018                            : ll_aox28.asm.obj (.text)
                  0000bc49    00000017                            : boot28.asm.obj (.text)
                  0000bc60    00000010     Controller_main.obj (.text)
                  0000bc70    0000000c     rts2800_fpu32_eabi.lib : args_main.c.obj (.text)
                  0000bc7c    0000000a     F2806x_DevInit.obj (.text:retain)
                  0000bc86    00000009     rts2800_fpu32_eabi.lib : _lock.c.obj (.text)
                  0000bc8f    00000008     F2806x_CodeStartBranch.obj (.text)
                  0000bc97    00000008     rts2800_fpu32_eabi.lib : copy_decompress_none.c.obj (.text:decompress:none)
                  0000bc9f    00000007     pil_c28_fpu32_eabi.lib : pil_f28x_dis_int.obj (.text)
                  0000bca6    00000007     rts2800_fpu32_eabi.lib : memset.c.obj (.text)
                  0000bcad    00000006                            : copy_zero_init.c.obj (.text:decompress:ZI)
                  0000bcb3    00000002                            : pre_init.c.obj (.text)
                  0000bcb5    00000001                            : startup.c.obj (.text)

EPwm1RegsFile 
*          1    00006800    00000040     UNINITIALIZED
                  00006800    00000040     F2806x_GlobalVariableDefs.obj (EPwm1RegsFile)

EPwm2RegsFile 
*          1    00006840    00000040     UNINITIALIZED
                  00006840    00000040     F2806x_GlobalVariableDefs.obj (EPwm2RegsFile)

EPwm3RegsFile 
*          1    00006880    00000040     UNINITIALIZED
                  00006880    00000040     F2806x_GlobalVariableDefs.obj (EPwm3RegsFile)

EPwm4RegsFile 
*          1    000068c0    00000040     UNINITIALIZED
                  000068c0    00000040     F2806x_GlobalVariableDefs.obj (EPwm4RegsFile)

EPwm5RegsFile 
*          1    00006900    00000040     UNINITIALIZED
                  00006900    00000040     F2806x_GlobalVariableDefs.obj (EPwm5RegsFile)

EPwm6RegsFile 
*          1    00006940    00000040     UNINITIALIZED
                  00006940    00000040     F2806x_GlobalVariableDefs.obj (EPwm6RegsFile)

EPwm7RegsFile 
*          1    00006980    00000040     UNINITIALIZED
                  00006980    00000040     F2806x_GlobalVariableDefs.obj (EPwm7RegsFile)

EPwm8RegsFile 
*          1    000069c0    00000040     UNINITIALIZED
                  000069c0    00000040     F2806x_GlobalVariableDefs.obj (EPwm8RegsFile)

dispatch   0    0000bcb6    000000b9     
                  0000bcb6    000000b9     dispatcher.obj (dispatch)

.cinit     0    0000bd90    000000d4     
                  0000bd90    0000001f     (.cinit..data.load) [load image, compression = lzss]
                  0000bdaf    00000001     --HOLE-- [fill = 0]
                  0000bdb0    00000006     (__TI_handler_table)
                  0000bdb6    00000004     (.cinit..bss.load) [load image, compression = zero_init]
                  0000bdba    00000004     (.cinit.AdcRegsFile.load) [load image, compression = zero_init]
                  0000bdbe    00000004     (.cinit.AdcResultFile.load) [load image, compression = zero_init]
                  0000bdc2    00000004     (.cinit.CpuTimer0RegsFile.load) [load image, compression = zero_init]
                  0000bdc6    00000004     (.cinit.CpuTimer1RegsFile.load) [load image, compression = zero_init]
                  0000bdca    00000004     (.cinit.CpuTimer2RegsFile.load) [load image, compression = zero_init]
                  0000bdce    00000004     (.cinit.EPwm1RegsFile.load) [load image, compression = zero_init]
                  0000bdd2    00000004     (.cinit.EPwm2RegsFile.load) [load image, compression = zero_init]
                  0000bdd6    00000004     (.cinit.EPwm3RegsFile.load) [load image, compression = zero_init]
                  0000bdda    00000004     (.cinit.EPwm4RegsFile.load) [load image, compression = zero_init]
                  0000bdde    00000004     (.cinit.EPwm5RegsFile.load) [load image, compression = zero_init]
                  0000bde2    00000004     (.cinit.EPwm6RegsFile.load) [load image, compression = zero_init]
                  0000bde6    00000004     (.cinit.EPwm7RegsFile.load) [load image, compression = zero_init]
                  0000bdea    00000004     (.cinit.EPwm8RegsFile.load) [load image, compression = zero_init]
                  0000bdee    00000004     (.cinit.FlashRegsFile.load) [load image, compression = zero_init]
                  0000bdf2    00000004     (.cinit.GpioCtrlRegsFile.load) [load image, compression = zero_init]
                  0000bdf6    00000004     (.cinit.GpioDataRegsFile.load) [load image, compression = zero_init]
                  0000bdfa    00000004     (.cinit.PieCtrlRegsFile.load) [load image, compression = zero_init]
                  0000bdfe    00000004     (.cinit.PieVectTableFile.load) [load image, compression = zero_init]
                  0000be02    00000004     (.cinit.SciaRegsFile.load) [load image, compression = zero_init]
                  0000be06    00000004     (.cinit.SysCtrlRegsFile.load) [load image, compression = zero_init]
                  0000be0a    00000002     --HOLE-- [fill = 0]
                  0000be0c    00000058     (__TI_cinit_table)

.stack     0    00000400    00000300     UNINITIALIZED
                  00000400    00000300     --HOLE--

.init_array 
*          0    00008802    00000000     UNINITIALIZED

.const     0    00008802    00000118     
                  00008802    0000006a     Controller.obj (.const:.string)
                  0000886c    00000010     Controller.obj (.const:Controller_sampleTime)
                  0000887c    00000004     --HOLE-- [fill = 0]
                  00008880    0000003c     Controller_hal.obj (.const:pilv)
                  000088bc    0000001a     Controller.obj (.const:Controller_ExtModeSignals)
                  000088d6    00000010     pil_c28_fpu32_eabi.lib : seriallink.obj (.const:PIL_SLINK_crc16Lookup)
                  000088e6    0000000e     Controller.obj (.const)
                  000088f4    0000000c     Controller_hal.obj (.const:pilv:retain)
                  00008900    0000000c     rts2800_fpu32_eabi.lib : s_floor.c.obj (.const)
                  0000890c    00000008     Controller_hal.obj (.const)
                  00008914    00000006     Controller.obj (.const:Controller_subTaskPeriod)

.bss       0    0000e000    000009ee     UNINITIALIZED
                  0000e000    00000402     Controller_hal.obj (.bss:ScopeBuffer)
                  0000e402    0000003e     Controller.obj (.bss:Controller_cScriptStruct)
                  0000e440    000003e2     Controller_hal.obj (.bss)
                  0000e822    0000001e     dio_2806x.obj (.bss)
                  0000e840    00000090     Controller.obj (.bss)
                  0000e8d0    00000046     Controller_hal.obj (.bss:AdcObj)
                  0000e916    00000028     Controller_hal.obj (.bss:TaskObj)
                  0000e93e    00000002     Controller_hal.obj (.bss:AdcHandles)
                  0000e940    00000030     dispatcher.obj (.bss)
                  0000e970    00000010     Controller_hal.obj (.bss:EpwmObj)
                  0000e980    0000001e     power.obj (.bss)
                  0000e99e    0000000a     Controller.obj (.bss:Controller_D_float)
                  0000e9a8    0000000a     Controller.obj (.bss:Controller_deriv)
                  0000e9b2    00000008     Controller.obj (.bss:Controller_tickHi)
                  0000e9ba    00000008     Controller.obj (.bss:Controller_tickLo)
                  0000e9c2    00000008     Controller_hal.obj (.bss:DinObj)
                  0000e9ca    00000008     Controller_hal.obj (.bss:DoutObj)
                  0000e9d2    00000008     Controller_hal.obj (.bss:EpwmHandles)
                  0000e9da    00000006     Controller.obj (.bss:Controller_subTaskTick)
                  0000e9e0    00000004     ain_2806x.obj (.bss)
                  0000e9e4    00000003     Controller.obj (.bss:Controller_subTaskHit)
                  0000e9e7    00000001     Controller.obj (.bss:Controller_Sema)
                  0000e9e8    00000002     Controller_0.obj (.bss)
                  0000e9ea    00000002     Controller_hal.obj (.bss:DinHandles)
                  0000e9ec    00000002     Controller_hal.obj (.bss:DoutHandles)

.data      0    0000e9ee    00000025     UNINITIALIZED
                  0000e9ee    00000008     Controller_hal.obj (.data)
                  0000e9f6    00000006     rts2800_fpu32_eabi.lib : exit.c.obj (.data)
                  0000e9fc    00000004     Controller.obj (.data:inputPtrs$2)
                  0000ea00    00000002     rts2800_fpu32_eabi.lib : _lock.c.obj (.data:_lock)
                  0000ea02    00000002                            : _lock.c.obj (.data:_unlock)
                  0000ea04    00000002     Controller.obj (.data:inputs$3)
                  0000ea06    00000002     Controller.obj (.data:outputPtrs$5)
                  0000ea08    00000002     Controller.obj (.data:outputs$6)
                  0000ea0a    00000002     Controller.obj (.data:sampleHits$8)
                  0000ea0c    00000002     Controller.obj (.data:sampleTimeOffsets$10)
                  0000ea0e    00000002     Controller.obj (.data:sampleTimePeriods$9)
                  0000ea10    00000001     Controller.obj (.data)
                  0000ea11    00000001     Controller.obj (.data:numInputSignals$1)
                  0000ea12    00000001     Controller.obj (.data:numOutputSignals$4)

ramfuncs   0    0000bd6f    0000001f     
                  0000bd6f    0000001b     F2806x_DevInit.obj (ramfuncs)
                  0000bd8a    00000004     F2806x_usDelay.obj (ramfuncs)

.TI.ramfunc 
*          0    0000bd8e    00000000     UNINITIALIZED

.reset     0    003fffc0    00000000     DSECT

vectors    0    003fffc2    00000000     DSECT

MODULE SUMMARY

       Module                          code    ro data   rw data
       ------                          ----    -------   -------
    .\output_TI2806x\
       Controller_hal.obj              1620    80        2184   
       Controller.obj                  1677    168       271    
       F2806x_GlobalVariableDefs.obj   0       0         1082   
       pwm_2806x.obj                   850     0         0      
       dispatcher.obj                  499     0         48     
       ain_2806x.obj                   355     0         4      
       power.obj                       303     0         30     
       dio_2806x.obj                   287     0         30     
       F2806x_DevInit.obj              260     0         0      
       Controller_0.obj                108     0         2      
       sci_2806x.obj                   97      0         0      
       Controller_main.obj             16      0         0      
       F2806x_CodeStartBranch.obj      10      0         0      
       F2806x_usDelay.obj              4       0         0      
    +--+-------------------------------+-------+---------+---------+
       Total:                          6086    248       3651   
                                                                
    C:\Users\fluky\AppData\Local\Programs\PLECS C2000 TSP\cgt\ti-cgt-c2000_18.12.8.LTS\LIB\rts2800_fpu32_eabi.lib
       s_floor.c.obj                   233     12        0      
       fd_add28.asm.obj                156     0         0      
       fd_div28.asm.obj                139     0         0      
       fs_div28.asm.obj                136     0         0      
       fd_mpy28.asm.obj                131     0         0      
       copy_decompress_lzss.c.obj      49      0         0      
       exit.c.obj                      41      0         6      
       autoinit.c.obj                  43      0         0      
       fd_cmp28.asm.obj                42      0         0      
       fd_tol28.asm.obj                31      0         0      
       memcpy.c.obj                    29      0         0      
       fs_tofdfpu32.asm.obj            28      0         0      
       fd_toul28.asm.obj               27      0         0      
       ll_aox28.asm.obj                24      0         0      
       boot28.asm.obj                  23      0         0      
       _lock.c.obj                     9       0         4      
       args_main.c.obj                 12      0         0      
       copy_decompress_none.c.obj      8       0         0      
       memset.c.obj                    7       0         0      
       copy_zero_init.c.obj            6       0         0      
       pre_init.c.obj                  2       0         0      
       startup.c.obj                   1       0         0      
    +--+-------------------------------+-------+---------+---------+
       Total:                          1177    12        10     
                                                                
    C:\Users\fluky\Documents\Plexim\PLECS_RT_Box\tsp_ti_c2000\ccs\2806x\..\pil\pil_c28_fpu32_eabi.lib
       probes.obj                      1567    0         0      
       scope.obj                       1235    0         0      
       pil.obj                         1016    0         0      
       seriallink.obj                  808     16        0      
       basicservices.obj               550     0         0      
       remoteagent.obj                 514     0         0      
       parallelbridge.obj              370     0         0      
       ringbuf.obj                     100     0         0      
       pil_f28x_dis_int.obj            7       0         0      
    +--+-------------------------------+-------+---------+---------+
       Total:                          6167    16        0      
                                                                
       Stack:                          0       0         768    
       Linker Generated:               0       209       0      
    +--+-------------------------------+-------+---------+---------+
       Grand Total:                    13430   485       4429   


LINKER GENERATED COPY TABLES

__TI_cinit_table @ 0000be0c records: 22, size/record: 4, table size: 88
	.data: load addr=0000bd90, load size=0000001f bytes, run addr=0000e9ee, run size=00000025 bytes, compression=lzss
	.bss: load addr=0000bdb6, load size=00000004 bytes, run addr=0000e000, run size=000009ee bytes, compression=zero_init
	AdcRegsFile: load addr=0000bdba, load size=00000004 bytes, run addr=00007100, run size=00000050 bytes, compression=zero_init
	AdcResultFile: load addr=0000bdbe, load size=00000004 bytes, run addr=00000b00, run size=00000010 bytes, compression=zero_init
	CpuTimer0RegsFile: load addr=0000bdc2, load size=00000004 bytes, run addr=00000c00, run size=00000008 bytes, compression=zero_init
	CpuTimer1RegsFile: load addr=0000bdc6, load size=00000004 bytes, run addr=00000c08, run size=00000008 bytes, compression=zero_init
	CpuTimer2RegsFile: load addr=0000bdca, load size=00000004 bytes, run addr=00000c10, run size=00000008 bytes, compression=zero_init
	EPwm1RegsFile: load addr=0000bdce, load size=00000004 bytes, run addr=00006800, run size=00000040 bytes, compression=zero_init
	EPwm2RegsFile: load addr=0000bdd2, load size=00000004 bytes, run addr=00006840, run size=00000040 bytes, compression=zero_init
	EPwm3RegsFile: load addr=0000bdd6, load size=00000004 bytes, run addr=00006880, run size=00000040 bytes, compression=zero_init
	EPwm4RegsFile: load addr=0000bdda, load size=00000004 bytes, run addr=000068c0, run size=00000040 bytes, compression=zero_init
	EPwm5RegsFile: load addr=0000bdde, load size=00000004 bytes, run addr=00006900, run size=00000040 bytes, compression=zero_init
	EPwm6RegsFile: load addr=0000bde2, load size=00000004 bytes, run addr=00006940, run size=00000040 bytes, compression=zero_init
	EPwm7RegsFile: load addr=0000bde6, load size=00000004 bytes, run addr=00006980, run size=00000040 bytes, compression=zero_init
	EPwm8RegsFile: load addr=0000bdea, load size=00000004 bytes, run addr=000069c0, run size=00000040 bytes, compression=zero_init
	FlashRegsFile: load addr=0000bdee, load size=00000004 bytes, run addr=00000a80, run size=00000008 bytes, compression=zero_init
	GpioCtrlRegsFile: load addr=0000bdf2, load size=00000004 bytes, run addr=00006f80, run size=00000040 bytes, compression=zero_init
	GpioDataRegsFile: load addr=0000bdf6, load size=00000004 bytes, run addr=00006fc0, run size=00000020 bytes, compression=zero_init
	PieCtrlRegsFile: load addr=0000bdfa, load size=00000004 bytes, run addr=00000ce0, run size=0000001a bytes, compression=zero_init
	PieVectTableFile: load addr=0000bdfe, load size=00000004 bytes, run addr=00000d00, run size=00000100 bytes, compression=zero_init
	SciaRegsFile: load addr=0000be02, load size=00000004 bytes, run addr=00007050, run size=00000010 bytes, compression=zero_init
	SysCtrlRegsFile: load addr=0000be06, load size=00000004 bytes, run addr=00007010, run size=00000030 bytes, compression=zero_init


LINKER GENERATED HANDLER TABLE

__TI_handler_table @ 0000bdb0 records: 3, size/record: 2, table size: 6
	index: 0, handler: __TI_zero_init
	index: 1, handler: __TI_decompress_lzss
	index: 2, handler: __TI_decompress_none


GLOBAL DATA SYMBOLS: SORTED BY DATA PAGE

address     data page           name
--------    ----------------    ----
00000400      10 (00000400)     __stack

00000a80      2a (00000a80)     FlashRegs

00000b00      2c (00000b00)     AdcResult

00000c00      30 (00000c00)     CpuTimer0Regs
00000c08      30 (00000c00)     CpuTimer1Regs
00000c10      30 (00000c00)     CpuTimer2Regs

00000ce0      33 (00000cc0)     PieCtrlRegs

00000d00      34 (00000d00)     PieVectTable

00006800     1a0 (00006800)     EPwm1Regs

00006840     1a1 (00006840)     EPwm2Regs

00006880     1a2 (00006880)     EPwm3Regs

000068c0     1a3 (000068c0)     EPwm4Regs

00006900     1a4 (00006900)     EPwm5Regs

00006940     1a5 (00006940)     EPwm6Regs

00006980     1a6 (00006980)     EPwm7Regs

000069c0     1a7 (000069c0)     EPwm8Regs

00006f80     1be (00006f80)     GpioCtrlRegs

00006fc0     1bf (00006fc0)     GpioDataRegs

00007010     1c0 (00007000)     SysCtrlRegs

00007050     1c1 (00007040)     SciaRegs

00007100     1c4 (00007100)     AdcRegs

0000886c     221 (00008840)     Controller_sampleTime

00008880     222 (00008880)     PIL_D_FrameworkVersion
00008881     222 (00008880)     PIL_D_StationAddress
00008882     222 (00008880)     PIL_D_BaudRate
00008884     222 (00008880)     PIL_D_Guid
0000888c     222 (00008880)     PIL_D_CompiledBy
00008898     222 (00008880)     PIL_D_FirmwareDescription
000088a8     222 (00008880)     PIL_D_CompiledDate
000088bc     222 (00008880)     Controller_ExtModeSignals

000088d6     223 (000088c0)     PIL_SLINK_crc16Lookup
000088e6     223 (000088c0)     Controller_checksum
000088f4     223 (000088c0)     PIL_C_ExtMode_targetFloat_Size
000088f6     223 (000088c0)     PIL_C_ExtMode_targetPointer_Size
000088f8     223 (000088c0)     PIL_C_ExtMode_sampleTime_Ptr
000088fa     223 (000088c0)     PIL_C_ExtMode_checksum_Ptr
000088fc     223 (000088c0)     PIL_C_ExtMode_ExtModeSignals_Ptr
000088fe     223 (000088c0)     PIL_C_ExtMode_ExtModeSignals_Size

0000e000     380 (0000e000)     ScopeBuffer

0000e440     391 (0000e440)     SciHandle
0000e442     391 (0000e440)     SciObj

0000e480     392 (0000e480)     PilObj

0000e840     3a1 (0000e840)     Controller_errorStatus
0000e84a     3a1 (0000e840)     Controller_X

0000e880     3a2 (0000e880)     Controller_B

0000e8d0     3a3 (0000e8c0)     AdcObj

0000e916     3a4 (0000e900)     TaskObj
0000e93e     3a4 (0000e900)     AdcHandles

0000e940     3a5 (0000e940)     DisprHandle
0000e942     3a5 (0000e940)     DisprObj
0000e970     3a5 (0000e940)     EpwmObj

0000e980     3a6 (0000e980)     PLX_PWR_SHandle
0000e982     3a6 (0000e980)     PLX_PWR_SObj

0000e9c2     3a7 (0000e9c0)     DinObj
0000e9ca     3a7 (0000e9c0)     DoutObj
0000e9d2     3a7 (0000e9c0)     EpwmHandles
0000e9ea     3a7 (0000e9c0)     DinHandles
0000e9ec     3a7 (0000e9c0)     DoutHandles
0000e9f4     3a7 (0000e9c0)     PilHandle
0000e9f6     3a7 (0000e9c0)     __TI_enable_exit_profile_output
0000e9f8     3a7 (0000e9c0)     __TI_cleanup_ptr
0000e9fa     3a7 (0000e9c0)     __TI_dtors_ptr

0000ea00     3a8 (0000ea00)     _lock
0000ea02     3a8 (0000ea00)     _unlock


GLOBAL SYMBOLS: SORTED ALPHABETICALLY BY Name 

page  address   name                                 
----  -------   ----                                 
0     0000e93e  AdcHandles                           
0     0000e8d0  AdcObj                               
1     00007100  AdcRegs                              
1     00000b00  AdcResult                            
0     0000bb95  C$$EXIT                              
0     0000ba12  Controller_0_cScriptDerivative       
0     0000b9c6  Controller_0_cScriptOutput           
0     0000b9b7  Controller_0_cScriptStart            
0     0000b9b6  Controller_0_cScriptTerminate        
0     0000b9a7  Controller_0_cScriptUpdate           
0     0000e880  Controller_B                         
0     000088bc  Controller_ExtModeSignals            
0     0000e84a  Controller_X                         
0     000095d7  Controller_background                
0     0000bad8  Controller_baseTaskInterrupt         
0     000088e6  Controller_checksum                  
0     000095c6  Controller_enableTasksInterrupt      
0     0000e840  Controller_errorStatus               
0     000097ec  Controller_initHal                   
0     00008dab  Controller_initialize                
0     0000886c  Controller_sampleTime                
0     00008928  Controller_step                      
0     000095d2  Controller_syncTimers                
0     0000891a  Controller_terminate                 
1     00000c00  CpuTimer0Regs                        
1     00000c08  CpuTimer1Regs                        
1     00000c10  CpuTimer2Regs                        
0     0000b238  DISPR_background                     
0     0000b33d  DISPR_configure                      
0     0000bcb6  DISPR_dispatch                       
0     0000b337  DISPR_registerIdleTask               
0     0000b331  DISPR_registerSyncCallback           
0     0000b2eb  DISPR_registerTask                   
0     0000b225  DISPR_reset                          
0     0000b2e5  DISPR_setPowerupDelay                
0     0000b2d9  DISPR_sinit                          
0     0000b2a0  DISPR_start                          
0     0000bd8a  DSP28x_usDelay                       
0     0000b751  DeviceInit                           
0     0000e9ea  DinHandles                           
0     0000e9c2  DinObj                               
0     0000e940  DisprHandle                          
0     0000e942  DisprObj                             
0     0000e9ec  DoutHandles                          
0     0000e9ca  DoutObj                              
1     00006800  EPwm1Regs                            
1     00006840  EPwm2Regs                            
1     00006880  EPwm3Regs                            
1     000068c0  EPwm4Regs                            
1     00006900  EPwm5Regs                            
1     00006940  EPwm6Regs                            
1     00006980  EPwm7Regs                            
1     000069c0  EPwm8Regs                            
0     0000e9d2  EpwmHandles                          
0     0000e970  EpwmObj                              
0     0000b73b  ExtOscSel                            
1     00000a80  FlashRegs                            
1     00006f80  GpioCtrlRegs                         
1     00006fc0  GpioDataRegs                         
0     0000bc7c  ISR_ILLEGAL                          
0     0000bd6f  InitFlash                            
0     0000b6d1  IntOsc1Sel                           
0     0000b727  IntOsc2Sel                           
0     0000b71d  MemCopy                              
0     0000ab28  PIL_BSRVS_init                       
0     0000abad  PIL_BSRVS_messageHandler             
0     0000ab40  PIL_BSRVS_setWriteInterlockHandler   
0     000088fc  PIL_C_ExtMode_ExtModeSignals_Ptr     
0     000088fe  PIL_C_ExtMode_ExtModeSignals_Size    
0     000088fa  PIL_C_ExtMode_checksum_Ptr           
0     000088f8  PIL_C_ExtMode_sampleTime_Ptr         
0     000088f4  PIL_C_ExtMode_targetFloat_Size       
0     000088f6  PIL_C_ExtMode_targetPointer_Size     
0     00008882  PIL_D_BaudRate                       
0     0000888c  PIL_D_CompiledBy                     
0     000088a8  PIL_D_CompiledDate                   
0     00008898  PIL_D_FirmwareDescription            
0     00008880  PIL_D_FrameworkVersion               
0     00008884  PIL_D_Guid                           
0     00008881  PIL_D_StationAddress                 
0     0000bc9f  PIL_DisableInt                       
0     0000af5c  PIL_PBRIDGE_configure                
0     0000af50  PIL_PBRIDGE_init                     
0     0000b0ad  PIL_PBRIDGE_poll                     
0     0000af65  PIL_PBRIDGE_setProtocol              
0     00008ff6  PIL_PROBES_getActualPilMode          
0     0000900b  PIL_PROBES_getActualPilStep          
0     00008ffd  PIL_PROBES_getDesiredPilMode         
0     00009015  PIL_PROBES_getDesiredPilStep         
0     00009004  PIL_PROBES_getPreviousPilMode        
0     00008fa7  PIL_PROBES_init                      
0     00009149  PIL_PROBES_messageHandler            
0     00008fd4  PIL_PROBES_setActualPilMode          
0     00008fea  PIL_PROBES_setActualPilStep          
0     00008fe1  PIL_PROBES_setDesiredPilMode         
0     0000adcd  PIL_RA_init                          
0     0000af03  PIL_RA_pollLinkReq                   
0     0000aeaf  PIL_RA_pollLinkRsp                   
0     0000ae68  PIL_RA_registerService               
0     0000a0b6  PIL_RA_serialIn                      
0     0000ae90  PIL_RA_serialIn_p                    
0     0000a0c6  PIL_RA_serialOut                     
0     0000aea0  PIL_RA_serialOut_p                   
0     0000ae44  PIL_RA_setChecksum                   
0     0000ae2c  PIL_RA_setGuid                       
0     0000ae5c  PIL_RA_setNodeAddress                
0     0000ba1e  PIL_RBUF_isEmpty                     
0     0000ba56  PIL_RBUF_pop                         
0     0000ba2c  PIL_RBUF_push                        
0     0000ba13  PIL_RBUF_reset                       
0     0000bca3  PIL_RestoreInt                       
0     00009c09  PIL_SCOPE_init                       
0     00009e8b  PIL_SCOPE_messageHandler             
0     0000a0d5  PIL_SCOPE_sample                     
0     00009ced  PIL_SCOPE_sample_p                   
0     00009c24  PIL_SCOPE_setBuffer                  
0     0000a0e3  PIL_SCOPE_trigger                    
0     00009d8e  PIL_SCOPE_trigger_p                  
0     000088d6  PIL_SLINK_crc16Lookup                
0     0000a828  PIL_SLINK_in                         
0     0000a800  PIL_SLINK_init                       
0     0000a835  PIL_SLINK_out                        
0     0000a870  PIL_SLINK_outBufIsEmpty              
0     0000aa09  PIL_SLINK_receive                    
0     0000a9e9  PIL_SLINK_send                       
0     0000a1d5  PIL_allowPilSimulation               
0     0000a32c  PIL_backgroundCall                   
0     0000a274  PIL_beginInterruptCall               
0     0000a178  PIL_configureParallelCom             
0     0000a200  PIL_inhibitPilSimulation             
0     0000a3e8  PIL_init                             
0     0000a22b  PIL_requestNormalMode                
0     0000a244  PIL_requestReadyMode                 
0     0000a1be  PIL_setAndConfigScopeBuffer          
0     0000a1b0  PIL_setBackgroundCommCallback        
0     0000a116  PIL_setChecksum                      
0     0000a1a2  PIL_setCtrlCallback                  
0     0000a0f1  PIL_setGuid                          
0     0000a192  PIL_setNodeAddress                   
0     0000a15f  PIL_setSerialComCallback             
0     0000a3cc  PIL_setWriteInterlockHandler         
0     0000a25d  PIL_simulationActive                 
0     0000b6e1  PLLset                               
0     000097ce  PLXHAL_ADC_getIn                     
0     000097b0  PLXHAL_DIO_get                       
0     00009790  PLXHAL_DIO_set                       
0     00009789  PLXHAL_DISPR_getTask0LoadInPercent   
0     00009783  PLXHAL_DISPR_getTimeStamp0           
0     0000977d  PLXHAL_DISPR_getTimeStamp1           
0     00009777  PLXHAL_DISPR_getTimeStamp2           
0     00009771  PLXHAL_DISPR_getTimeStamp3           
0     0000976b  PLXHAL_DISPR_getTimeStampB           
0     00009765  PLXHAL_DISPR_getTimeStampD           
0     0000975f  PLXHAL_DISPR_getTimeStampP           
0     0000975d  PLXHAL_PWM_prepareSetOutToXTransition
0     00009721  PLXHAL_PWM_setDuty                   
0     000096f6  PLXHAL_PWM_setScaledDeadTimeCounts   
0     00009642  PLXHAL_PWM_setSequence               
0     00009640  PLXHAL_PWM_setToOperational          
0     0000963e  PLXHAL_PWM_setToPassive              
0     0000b461  PLXHAL_PWR_isEnabled                 
0     00009639  PLXHAL_PWR_setEnableRequest          
0     00009616  PLXHAL_PWR_syncdPwmEnable            
0     0000b1e3  PLX_AIN_configure                    
0     0000b189  PLX_AIN_getRegisterBase              
0     0000b182  PLX_AIN_init                         
0     0000b16c  PLX_AIN_resetChannelSetup            
0     0000b160  PLX_AIN_setDefaultAdcParams          
0     0000b14f  PLX_AIN_setDefaultChannelParams      
0     0000b10c  PLX_AIN_setupChannel                 
0     0000b0c2  PLX_AIN_sinit                        
0     0000b551  PLX_DIO_configureIn                  
0     0000b521  PLX_DIO_configureOut                 
0     0000b4ad  PLX_DIO_init                         
0     0000b4a5  PLX_DIO_obtainDummyRead              
0     0000b4a2  PLX_DIO_obtainDummyWrite             
0     0000b48e  PLX_DIO_sinit                        
0     0000a5e2  PLX_PWM_configure                    
0     0000a5ad  PLX_PWM_getRegisterBase              
0     0000a5a6  PLX_PWM_init                         
0     0000a56e  PLX_PWM_scalePeriod                  
0     0000a51f  PLX_PWM_setDefaultParams             
0     0000a4c0  PLX_PWM_setPhase                     
0     0000a4ae  PLX_PWM_sinit                        
0     0000e980  PLX_PWR_SHandle                      
0     0000e982  PLX_PWR_SObj                         
0     0000b47b  PLX_PWR_configure                    
0     0000b461  PLX_PWR_isEnabled                    
0     0000b453  PLX_PWR_isReadyForEnable             
0     0000b442  PLX_PWR_registerPwmChannel           
0     0000b3b3  PLX_PWR_runFsm                       
0     0000b36f  PLX_PWR_setEnableRequest             
0     0000b366  PLX_PWR_setPilMode                   
0     0000b35f  PLX_PWR_sinit                        
0     0000bad5  PLX_SCI_configure                    
0     0000bace  PLX_SCI_init                         
0     0000ba77  PLX_SCI_setupPort                    
0     0000b6b2  PieCntlInit                          
1     00000ce0  PieCtrlRegs                          
1     00000d00  PieVectTable                         
0     0000b69e  PieVectTableInit                     
0     0000e9f4  PilHandle                            
0     0000e480  PilObj                               
0     0000e440  SciHandle                            
0     0000e442  SciObj                               
1     00007050  SciaRegs                             
0     0000e000  ScopeBuffer                          
1     00007010  SysCtrlRegs                          
0     0000e916  TaskObj                              
0     0000b696  WDogDisable                          
0     0000be0c  __TI_CINIT_Base                      
0     0000be64  __TI_CINIT_Limit                     
0     0000bdb0  __TI_Handler_Table_Base              
0     0000bdb6  __TI_Handler_Table_Limit             
0     00000700  __TI_STACK_END                       
abs   00000300  __TI_STACK_SIZE                      
0     0000bb40  __TI_auto_init_nobinit_nopinit       
0     0000e9f8  __TI_cleanup_ptr                     
0     0000bb0f  __TI_decompress_lzss                 
0     0000bc97  __TI_decompress_none                 
0     0000e9fa  __TI_dtors_ptr                       
0     0000e9f6  __TI_enable_exit_profile_output      
abs   ffffffff  __TI_pprof_out_hndl                  
abs   ffffffff  __TI_prof_data_size                  
abs   ffffffff  __TI_prof_data_start                 
0     0000bcad  __TI_zero_init                       
0     0000b775  __c28xabi_addd                       
0     0000bc31  __c28xabi_andll                      
0     0000bb6b  __c28xabi_cmpd                       
0     0000b811  __c28xabi_divd                       
0     0000b89c  __c28xabi_divf                       
0     0000bbbe  __c28xabi_dtol                       
0     0000bc16  __c28xabi_dtoul                      
0     0000bbfa  __c28xabi_ftod                       
0     0000b924  __c28xabi_mpyd                       
0     0000bc39  __c28xabi_orll                       
0     0000bc41  __c28xabi_xorll                      
n/a   UNDEFED   __c_args__                           
0     00000400  __stack                              
0     0000bc70  _args_main                           
0     0000bc49  _c_int00                             
0     0000ea00  _lock                                
0     0000bc8e  _nop                                 
0     0000bc8a  _register_lock                       
0     0000bc86  _register_unlock                     
0     0000bcb5  _system_post_cinit                   
0     0000bcb3  _system_pre_init                     
0     0000ea02  _unlock                              
0     0000bb95  abort                                
0     00008800  code_start                           
0     0000bb97  exit                                 
0     0000b5ad  floor                                
0     0000b5ad  floorl                               
0     0000bc60  main                                 
0     0000bbdd  memcpy                               
0     0000bca6  memset                               


GLOBAL SYMBOLS: SORTED BY Symbol Address 

page  address   name                                 
----  -------   ----                                 
0     00000400  __stack                              
0     00000700  __TI_STACK_END                       
0     00008800  code_start                           
0     0000886c  Controller_sampleTime                
0     00008880  PIL_D_FrameworkVersion               
0     00008881  PIL_D_StationAddress                 
0     00008882  PIL_D_BaudRate                       
0     00008884  PIL_D_Guid                           
0     0000888c  PIL_D_CompiledBy                     
0     00008898  PIL_D_FirmwareDescription            
0     000088a8  PIL_D_CompiledDate                   
0     000088bc  Controller_ExtModeSignals            
0     000088d6  PIL_SLINK_crc16Lookup                
0     000088e6  Controller_checksum                  
0     000088f4  PIL_C_ExtMode_targetFloat_Size       
0     000088f6  PIL_C_ExtMode_targetPointer_Size     
0     000088f8  PIL_C_ExtMode_sampleTime_Ptr         
0     000088fa  PIL_C_ExtMode_checksum_Ptr           
0     000088fc  PIL_C_ExtMode_ExtModeSignals_Ptr     
0     000088fe  PIL_C_ExtMode_ExtModeSignals_Size    
0     0000891a  Controller_terminate                 
0     00008928  Controller_step                      
0     00008dab  Controller_initialize                
0     00008fa7  PIL_PROBES_init                      
0     00008fd4  PIL_PROBES_setActualPilMode          
0     00008fe1  PIL_PROBES_setDesiredPilMode         
0     00008fea  PIL_PROBES_setActualPilStep          
0     00008ff6  PIL_PROBES_getActualPilMode          
0     00008ffd  PIL_PROBES_getDesiredPilMode         
0     00009004  PIL_PROBES_getPreviousPilMode        
0     0000900b  PIL_PROBES_getActualPilStep          
0     00009015  PIL_PROBES_getDesiredPilStep         
0     00009149  PIL_PROBES_messageHandler            
0     000095c6  Controller_enableTasksInterrupt      
0     000095d2  Controller_syncTimers                
0     000095d7  Controller_background                
0     00009616  PLXHAL_PWR_syncdPwmEnable            
0     00009639  PLXHAL_PWR_setEnableRequest          
0     0000963e  PLXHAL_PWM_setToPassive              
0     00009640  PLXHAL_PWM_setToOperational          
0     00009642  PLXHAL_PWM_setSequence               
0     000096f6  PLXHAL_PWM_setScaledDeadTimeCounts   
0     00009721  PLXHAL_PWM_setDuty                   
0     0000975d  PLXHAL_PWM_prepareSetOutToXTransition
0     0000975f  PLXHAL_DISPR_getTimeStampP           
0     00009765  PLXHAL_DISPR_getTimeStampD           
0     0000976b  PLXHAL_DISPR_getTimeStampB           
0     00009771  PLXHAL_DISPR_getTimeStamp3           
0     00009777  PLXHAL_DISPR_getTimeStamp2           
0     0000977d  PLXHAL_DISPR_getTimeStamp1           
0     00009783  PLXHAL_DISPR_getTimeStamp0           
0     00009789  PLXHAL_DISPR_getTask0LoadInPercent   
0     00009790  PLXHAL_DIO_set                       
0     000097b0  PLXHAL_DIO_get                       
0     000097ce  PLXHAL_ADC_getIn                     
0     000097ec  Controller_initHal                   
0     00009c09  PIL_SCOPE_init                       
0     00009c24  PIL_SCOPE_setBuffer                  
0     00009ced  PIL_SCOPE_sample_p                   
0     00009d8e  PIL_SCOPE_trigger_p                  
0     00009e8b  PIL_SCOPE_messageHandler             
0     0000a0b6  PIL_RA_serialIn                      
0     0000a0c6  PIL_RA_serialOut                     
0     0000a0d5  PIL_SCOPE_sample                     
0     0000a0e3  PIL_SCOPE_trigger                    
0     0000a0f1  PIL_setGuid                          
0     0000a116  PIL_setChecksum                      
0     0000a15f  PIL_setSerialComCallback             
0     0000a178  PIL_configureParallelCom             
0     0000a192  PIL_setNodeAddress                   
0     0000a1a2  PIL_setCtrlCallback                  
0     0000a1b0  PIL_setBackgroundCommCallback        
0     0000a1be  PIL_setAndConfigScopeBuffer          
0     0000a1d5  PIL_allowPilSimulation               
0     0000a200  PIL_inhibitPilSimulation             
0     0000a22b  PIL_requestNormalMode                
0     0000a244  PIL_requestReadyMode                 
0     0000a25d  PIL_simulationActive                 
0     0000a274  PIL_beginInterruptCall               
0     0000a32c  PIL_backgroundCall                   
0     0000a3cc  PIL_setWriteInterlockHandler         
0     0000a3e8  PIL_init                             
0     0000a4ae  PLX_PWM_sinit                        
0     0000a4c0  PLX_PWM_setPhase                     
0     0000a51f  PLX_PWM_setDefaultParams             
0     0000a56e  PLX_PWM_scalePeriod                  
0     0000a5a6  PLX_PWM_init                         
0     0000a5ad  PLX_PWM_getRegisterBase              
0     0000a5e2  PLX_PWM_configure                    
0     0000a800  PIL_SLINK_init                       
0     0000a828  PIL_SLINK_in                         
0     0000a835  PIL_SLINK_out                        
0     0000a870  PIL_SLINK_outBufIsEmpty              
0     0000a9e9  PIL_SLINK_send                       
0     0000aa09  PIL_SLINK_receive                    
0     0000ab28  PIL_BSRVS_init                       
0     0000ab40  PIL_BSRVS_setWriteInterlockHandler   
0     0000abad  PIL_BSRVS_messageHandler             
0     0000adcd  PIL_RA_init                          
0     0000ae2c  PIL_RA_setGuid                       
0     0000ae44  PIL_RA_setChecksum                   
0     0000ae5c  PIL_RA_setNodeAddress                
0     0000ae68  PIL_RA_registerService               
0     0000ae90  PIL_RA_serialIn_p                    
0     0000aea0  PIL_RA_serialOut_p                   
0     0000aeaf  PIL_RA_pollLinkRsp                   
0     0000af03  PIL_RA_pollLinkReq                   
0     0000af50  PIL_PBRIDGE_init                     
0     0000af5c  PIL_PBRIDGE_configure                
0     0000af65  PIL_PBRIDGE_setProtocol              
0     0000b0ad  PIL_PBRIDGE_poll                     
0     0000b0c2  PLX_AIN_sinit                        
0     0000b10c  PLX_AIN_setupChannel                 
0     0000b14f  PLX_AIN_setDefaultChannelParams      
0     0000b160  PLX_AIN_setDefaultAdcParams          
0     0000b16c  PLX_AIN_resetChannelSetup            
0     0000b182  PLX_AIN_init                         
0     0000b189  PLX_AIN_getRegisterBase              
0     0000b1e3  PLX_AIN_configure                    
0     0000b225  DISPR_reset                          
0     0000b238  DISPR_background                     
0     0000b2a0  DISPR_start                          
0     0000b2d9  DISPR_sinit                          
0     0000b2e5  DISPR_setPowerupDelay                
0     0000b2eb  DISPR_registerTask                   
0     0000b331  DISPR_registerSyncCallback           
0     0000b337  DISPR_registerIdleTask               
0     0000b33d  DISPR_configure                      
0     0000b35f  PLX_PWR_sinit                        
0     0000b366  PLX_PWR_setPilMode                   
0     0000b36f  PLX_PWR_setEnableRequest             
0     0000b3b3  PLX_PWR_runFsm                       
0     0000b442  PLX_PWR_registerPwmChannel           
0     0000b453  PLX_PWR_isReadyForEnable             
0     0000b461  PLXHAL_PWR_isEnabled                 
0     0000b461  PLX_PWR_isEnabled                    
0     0000b47b  PLX_PWR_configure                    
0     0000b48e  PLX_DIO_sinit                        
0     0000b4a2  PLX_DIO_obtainDummyWrite             
0     0000b4a5  PLX_DIO_obtainDummyRead              
0     0000b4ad  PLX_DIO_init                         
0     0000b521  PLX_DIO_configureOut                 
0     0000b551  PLX_DIO_configureIn                  
0     0000b5ad  floor                                
0     0000b5ad  floorl                               
0     0000b696  WDogDisable                          
0     0000b69e  PieVectTableInit                     
0     0000b6b2  PieCntlInit                          
0     0000b6d1  IntOsc1Sel                           
0     0000b6e1  PLLset                               
0     0000b71d  MemCopy                              
0     0000b727  IntOsc2Sel                           
0     0000b73b  ExtOscSel                            
0     0000b751  DeviceInit                           
0     0000b775  __c28xabi_addd                       
0     0000b811  __c28xabi_divd                       
0     0000b89c  __c28xabi_divf                       
0     0000b924  __c28xabi_mpyd                       
0     0000b9a7  Controller_0_cScriptUpdate           
0     0000b9b6  Controller_0_cScriptTerminate        
0     0000b9b7  Controller_0_cScriptStart            
0     0000b9c6  Controller_0_cScriptOutput           
0     0000ba12  Controller_0_cScriptDerivative       
0     0000ba13  PIL_RBUF_reset                       
0     0000ba1e  PIL_RBUF_isEmpty                     
0     0000ba2c  PIL_RBUF_push                        
0     0000ba56  PIL_RBUF_pop                         
0     0000ba77  PLX_SCI_setupPort                    
0     0000bace  PLX_SCI_init                         
0     0000bad5  PLX_SCI_configure                    
0     0000bad8  Controller_baseTaskInterrupt         
0     0000bb0f  __TI_decompress_lzss                 
0     0000bb40  __TI_auto_init_nobinit_nopinit       
0     0000bb6b  __c28xabi_cmpd                       
0     0000bb95  C$$EXIT                              
0     0000bb95  abort                                
0     0000bb97  exit                                 
0     0000bbbe  __c28xabi_dtol                       
0     0000bbdd  memcpy                               
0     0000bbfa  __c28xabi_ftod                       
0     0000bc16  __c28xabi_dtoul                      
0     0000bc31  __c28xabi_andll                      
0     0000bc39  __c28xabi_orll                       
0     0000bc41  __c28xabi_xorll                      
0     0000bc49  _c_int00                             
0     0000bc60  main                                 
0     0000bc70  _args_main                           
0     0000bc7c  ISR_ILLEGAL                          
0     0000bc86  _register_unlock                     
0     0000bc8a  _register_lock                       
0     0000bc8e  _nop                                 
0     0000bc97  __TI_decompress_none                 
0     0000bc9f  PIL_DisableInt                       
0     0000bca3  PIL_RestoreInt                       
0     0000bca6  memset                               
0     0000bcad  __TI_zero_init                       
0     0000bcb3  _system_pre_init                     
0     0000bcb5  _system_post_cinit                   
0     0000bcb6  DISPR_dispatch                       
0     0000bd6f  InitFlash                            
0     0000bd8a  DSP28x_usDelay                       
0     0000bdb0  __TI_Handler_Table_Base              
0     0000bdb6  __TI_Handler_Table_Limit             
0     0000be0c  __TI_CINIT_Base                      
0     0000be64  __TI_CINIT_Limit                     
0     0000e000  ScopeBuffer                          
0     0000e440  SciHandle                            
0     0000e442  SciObj                               
0     0000e480  PilObj                               
0     0000e840  Controller_errorStatus               
0     0000e84a  Controller_X                         
0     0000e880  Controller_B                         
0     0000e8d0  AdcObj                               
0     0000e916  TaskObj                              
0     0000e93e  AdcHandles                           
0     0000e940  DisprHandle                          
0     0000e942  DisprObj                             
0     0000e970  EpwmObj                              
0     0000e980  PLX_PWR_SHandle                      
0     0000e982  PLX_PWR_SObj                         
0     0000e9c2  DinObj                               
0     0000e9ca  DoutObj                              
0     0000e9d2  EpwmHandles                          
0     0000e9ea  DinHandles                           
0     0000e9ec  DoutHandles                          
0     0000e9f4  PilHandle                            
0     0000e9f6  __TI_enable_exit_profile_output      
0     0000e9f8  __TI_cleanup_ptr                     
0     0000e9fa  __TI_dtors_ptr                       
0     0000ea00  _lock                                
0     0000ea02  _unlock                              
1     00000a80  FlashRegs                            
1     00000b00  AdcResult                            
1     00000c00  CpuTimer0Regs                        
1     00000c08  CpuTimer1Regs                        
1     00000c10  CpuTimer2Regs                        
1     00000ce0  PieCtrlRegs                          
1     00000d00  PieVectTable                         
1     00006800  EPwm1Regs                            
1     00006840  EPwm2Regs                            
1     00006880  EPwm3Regs                            
1     000068c0  EPwm4Regs                            
1     00006900  EPwm5Regs                            
1     00006940  EPwm6Regs                            
1     00006980  EPwm7Regs                            
1     000069c0  EPwm8Regs                            
1     00006f80  GpioCtrlRegs                         
1     00006fc0  GpioDataRegs                         
1     00007010  SysCtrlRegs                          
1     00007050  SciaRegs                             
1     00007100  AdcRegs                              
abs   00000300  __TI_STACK_SIZE                      
abs   ffffffff  __TI_pprof_out_hndl                  
abs   ffffffff  __TI_prof_data_size                  
abs   ffffffff  __TI_prof_data_start                 
n/a   UNDEFED   __c_args__                           

[256 symbols]
