******************************************************************************
             TMS320C2000 Linker PC v18.12.8                    
******************************************************************************
>> Linked Sat Jun 18 14:39:54 2022

OUTPUT FILE NAME:   <./output_TI2806x/Controller.out>
ENTRY POINT SYMBOL: "_c_int00"  address: 0000bd62


MEMORY CONFIGURATION

         name            origin    length      used     unused   attr    fill
----------------------  --------  ---------  --------  --------  ----  --------
PAGE 0:
  BOOT_RSVD             00000000   00000050  00000000  00000050  RWIX
  RAMM0                 00000050   000003b0  00000000  000003b0  RWIX
  RAMM1                 00000400   00000400  00000300  00000100  RWIX
  BEGIN                 00008800   00000002  00000002  00000000  RWIX
  PRAML                 00008802   000057fe  00003765  00002099  RWIX
  RAML                  0000e000   00004700  0000097a  00003d86  RWIX
  RAML8_RSVD1           00013700   00000100  00000000  00000100  RWIX
  RAML8_RSVD2           00013800   00000800  00000000  00000800  RWIX
  ROM                   003ff3b0   00000c10  00000000  00000c10  RWIX
  RESET                 003fffc0   00000002  00000000  00000002  RWIX
  VECTORS               003fffc2   0000003e  00000000  0000003e  RWIX

PAGE 1:
  DEV_EMU               00000880   00000105  00000000  00000105  RWIX
  SYS_PWR_CTL           00000985   00000003  00000000  00000003  RWIX
  FLASH_REGS            00000a80   00000060  00000008  00000058  RWIX
  CSM                   00000ae0   00000020  00000000  00000020  RWIX
  ADC_RESULT            00000b00   00000020  00000010  00000010  RWIX
  CPU_TIMER0            00000c00   00000008  00000008  00000000  RWIX
  CPU_TIMER1            00000c08   00000008  00000008  00000000  RWIX
  CPU_TIMER2            00000c10   00000008  00000008  00000000  RWIX
  PIE_CTRL              00000ce0   00000020  0000001a  00000006  RWIX
  PIE_VECT              00000d00   00000100  00000100  00000000  RWIX
  DMA                   00001000   00000200  00000000  00000200  RWIX
  CLA1                  00001400   00000080  00000000  00000080  RWIX
  USB0                  00004000   00001000  00000000  00001000  RWIX
  McBSPA                00005000   00000040  00000000  00000040  RWIX
  ECANA                 00006000   00000040  00000000  00000040  RWIX
  ECANA_LAM             00006040   00000040  00000000  00000040  RWIX
  ECANA_MOTS            00006080   00000040  00000000  00000040  RWIX
  ECANA_MOTO            000060c0   00000040  00000000  00000040  RWIX
  ECANA_MBOX            00006100   00000100  00000000  00000100  RWIX
  COMP1                 00006400   00000020  00000000  00000020  RWIX
  COMP2                 00006420   00000020  00000000  00000020  RWIX
  COMP3                 00006440   00000020  00000000  00000020  RWIX
  EPWM1                 00006800   00000040  00000040  00000000  RWIX
  EPWM2                 00006840   00000040  00000040  00000000  RWIX
  EPWM3                 00006880   00000040  00000040  00000000  RWIX
  EPWM4                 000068c0   00000040  00000040  00000000  RWIX
  EPWM5                 00006900   00000040  00000040  00000000  RWIX
  EPWM6                 00006940   00000040  00000040  00000000  RWIX
  EPWM7                 00006980   00000040  00000040  00000000  RWIX
  EPWM8                 000069c0   00000040  00000040  00000000  RWIX
  ECAP1                 00006a00   00000020  00000000  00000020  RWIX
  ECAP2                 00006a20   00000020  00000000  00000020  RWIX
  ECAP3                 00006a40   00000020  00000000  00000020  RWIX
  HRCAP1                00006ac0   00000020  00000000  00000020  RWIX
  HRCAP2                00006ae0   00000020  00000000  00000020  RWIX
  EQEP1                 00006b00   00000040  00000000  00000040  RWIX
  EQEP2                 00006b40   00000040  00000000  00000040  RWIX
  HRCAP3                00006c80   00000020  00000000  00000020  RWIX
  HRCAP4                00006ca0   00000020  00000000  00000020  RWIX
  GPIOCTRL              00006f80   00000040  00000040  00000000  RWIX
  GPIODAT               00006fc0   00000020  00000020  00000000  RWIX
  GPIOINT               00006fe0   00000020  00000000  00000020  RWIX
  SYSTEM                00007010   00000030  00000030  00000000  RWIX
  SPIA                  00007040   00000010  00000000  00000010  RWIX
  SCIA                  00007050   00000010  00000010  00000000  RWIX
  NMIINTRUPT            00007060   00000010  00000000  00000010  RWIX
  XINTRUPT              00007070   00000010  00000000  00000010  RWIX
  ADC                   00007100   00000080  00000050  00000030  RWIX
  SPIB                  00007740   00000010  00000000  00000010  RWIX
  SCIB                  00007750   00000010  00000000  00000010  RWIX
  I2CA                  00007900   00000040  00000000  00000040  RWIX
  PARTID                003d7e80   00000001  00000000  00000001  RWIX
  CSM_PWL               003f7ff8   00000008  00000000  00000008  RWIX


SECTION ALLOCATION MAP

 output                                  attributes/
section   page    origin      length       input sections
--------  ----  ----------  ----------   ----------------
PieVectTableFile 
*          1    00000d00    00000100     UNINITIALIZED
                  00000d00    00000100     F2806x_GlobalVariableDefs.obj (PieVectTableFile)

EmuKeyVar 
*          1    00000d00    00000000     UNINITIALIZED

EmuBModeVar 
*          1    00000d00    00000000     UNINITIALIZED

FlashCallbackVar 
*          1    00000d00    00000000     UNINITIALIZED

FlashScalingVar 
*          1    00000d00    00000000     UNINITIALIZED

FlashRegsFile 
*          1    00000a80    00000008     UNINITIALIZED
                  00000a80    00000008     F2806x_GlobalVariableDefs.obj (FlashRegsFile)

AdcResultFile 
*          1    00000b00    00000010     UNINITIALIZED
                  00000b00    00000010     F2806x_GlobalVariableDefs.obj (AdcResultFile)

CpuTimer0RegsFile 
*          1    00000c00    00000008     UNINITIALIZED
                  00000c00    00000008     F2806x_GlobalVariableDefs.obj (CpuTimer0RegsFile)

CpuTimer1RegsFile 
*          1    00000c08    00000008     UNINITIALIZED
                  00000c08    00000008     F2806x_GlobalVariableDefs.obj (CpuTimer1RegsFile)

CpuTimer2RegsFile 
*          1    00000c10    00000008     UNINITIALIZED
                  00000c10    00000008     F2806x_GlobalVariableDefs.obj (CpuTimer2RegsFile)

PieCtrlRegsFile 
*          1    00000ce0    0000001a     UNINITIALIZED
                  00000ce0    0000001a     F2806x_GlobalVariableDefs.obj (PieCtrlRegsFile)

GpioCtrlRegsFile 
*          1    00006f80    00000040     UNINITIALIZED
                  00006f80    00000040     F2806x_GlobalVariableDefs.obj (GpioCtrlRegsFile)

GpioDataRegsFile 
*          1    00006fc0    00000020     UNINITIALIZED
                  00006fc0    00000020     F2806x_GlobalVariableDefs.obj (GpioDataRegsFile)

SysCtrlRegsFile 
*          1    00007010    00000030     UNINITIALIZED
                  00007010    00000030     F2806x_GlobalVariableDefs.obj (SysCtrlRegsFile)

SciaRegsFile 
*          1    00007050    00000010     UNINITIALIZED
                  00007050    00000010     F2806x_GlobalVariableDefs.obj (SciaRegsFile)

AdcRegsFile 
*          1    00007100    00000050     UNINITIALIZED
                  00007100    00000050     F2806x_GlobalVariableDefs.obj (AdcRegsFile)

codestart 
*          0    00008800    00000002     
                  00008800    00000002     F2806x_CodeStartBranch.obj (codestart)

.text      0    00008912    000034bd     
                  00008912    000007a8     Controller_hal.obj (.text)
                  000090ba    0000061f     pil_c28_fpu32_eabi.lib : probes.obj (.text)
                  000096d9    000005d3     Controller.obj (.text)
                  00009cac    000004d3     pil_c28_fpu32_eabi.lib : scope.obj (.text)
                  0000a17f    000003f8                            : pil.obj (.text)
                  0000a577    00000352     pwm_2806x.obj (.text)
                  0000a8c9    00000328     pil_c28_fpu32_eabi.lib : seriallink.obj (.text)
                  0000abf1    00000226                            : basicservices.obj (.text)
                  0000ae17    00000202                            : remoteagent.obj (.text)
                  0000b019    00000172                            : parallelbridge.obj (.text)
                  0000b18b    00000163     ain_2806x.obj (.text)
                  0000b2ee    0000013a     dispatcher.obj (.text)
                  0000b428    0000012f     power.obj (.text)
                  0000b557    0000011f     dio_2806x.obj (.text)
                  0000b676    000000e9     rts2800_fpu32_eabi.lib : s_floor.c.obj (.text)
                  0000b75f    000000df     F2806x_DevInit.obj (.text)
                  0000b83e    0000009c     rts2800_fpu32_eabi.lib : fd_add28.asm.obj (.text)
                  0000b8da    0000008b                            : fd_div28.asm.obj (.text)
                  0000b965    00000088                            : fs_div28.asm.obj (.text)
                  0000b9ed    00000083                            : fd_mpy28.asm.obj (.text)
                  0000ba70    00000064     pil_c28_fpu32_eabi.lib : ringbuf.obj (.text)
                  0000bad4    00000063     rts2800_fpu32_eabi.lib : s_cosf.c.obj (.text)
                  0000bb37    00000061     sci_2806x.obj (.text)
                  0000bb98    00000059     rts2800_fpu32_eabi.lib : s_sinf.c.obj (.text)
                  0000bbf1    00000037     Controller_hal.obj (.text:retain)
                  0000bc28    00000031     rts2800_fpu32_eabi.lib : copy_decompress_lzss.c.obj (.text:decompress:lzss)
                  0000bc59    0000002b                            : autoinit.c.obj (.text:__TI_auto_init_nobinit_nopinit)
                  0000bc84    0000002a                            : fd_cmp28.asm.obj (.text)
                  0000bcae    00000029                            : exit.c.obj (.text)
                  0000bcd7    0000001f                            : fd_tol28.asm.obj (.text)
                  0000bcf6    0000001d                            : memcpy.c.obj (.text)
                  0000bd13    0000001c                            : fs_tofdfpu32.asm.obj (.text)
                  0000bd2f    0000001b                            : fd_toul28.asm.obj (.text)
                  0000bd4a    00000018                            : ll_aox28.asm.obj (.text)
                  0000bd62    00000017                            : boot28.asm.obj (.text)
                  0000bd79    00000010     Controller_main.obj (.text)
                  0000bd89    0000000c     rts2800_fpu32_eabi.lib : args_main.c.obj (.text)
                  0000bd95    0000000a     F2806x_DevInit.obj (.text:retain)
                  0000bd9f    00000009     rts2800_fpu32_eabi.lib : _lock.c.obj (.text)
                  0000bda8    00000008     F2806x_CodeStartBranch.obj (.text)
                  0000bdb0    00000008     rts2800_fpu32_eabi.lib : copy_decompress_none.c.obj (.text:decompress:none)
                  0000bdb8    00000007     pil_c28_fpu32_eabi.lib : pil_f28x_dis_int.obj (.text)
                  0000bdbf    00000007     rts2800_fpu32_eabi.lib : memset.c.obj (.text)
                  0000bdc6    00000006                            : copy_zero_init.c.obj (.text:decompress:ZI)
                  0000bdcc    00000002                            : pre_init.c.obj (.text)
                  0000bdce    00000001                            : startup.c.obj (.text)

EPwm1RegsFile 
*          1    00006800    00000040     UNINITIALIZED
                  00006800    00000040     F2806x_GlobalVariableDefs.obj (EPwm1RegsFile)

EPwm2RegsFile 
*          1    00006840    00000040     UNINITIALIZED
                  00006840    00000040     F2806x_GlobalVariableDefs.obj (EPwm2RegsFile)

EPwm3RegsFile 
*          1    00006880    00000040     UNINITIALIZED
                  00006880    00000040     F2806x_GlobalVariableDefs.obj (EPwm3RegsFile)

EPwm4RegsFile 
*          1    000068c0    00000040     UNINITIALIZED
                  000068c0    00000040     F2806x_GlobalVariableDefs.obj (EPwm4RegsFile)

EPwm5RegsFile 
*          1    00006900    00000040     UNINITIALIZED
                  00006900    00000040     F2806x_GlobalVariableDefs.obj (EPwm5RegsFile)

EPwm6RegsFile 
*          1    00006940    00000040     UNINITIALIZED
                  00006940    00000040     F2806x_GlobalVariableDefs.obj (EPwm6RegsFile)

EPwm7RegsFile 
*          1    00006980    00000040     UNINITIALIZED
                  00006980    00000040     F2806x_GlobalVariableDefs.obj (EPwm7RegsFile)

EPwm8RegsFile 
*          1    000069c0    00000040     UNINITIALIZED
                  000069c0    00000040     F2806x_GlobalVariableDefs.obj (EPwm8RegsFile)

dispatch   0    0000bdcf    000000b9     
                  0000bdcf    000000b9     dispatcher.obj (dispatch)

.cinit     0    0000bea8    000000c0     
                  0000bea8    0000000e     (.cinit..data.load) [load image, compression = lzss]
                  0000beb6    00000006     (__TI_handler_table)
                  0000bebc    00000004     (.cinit..bss.load) [load image, compression = zero_init]
                  0000bec0    00000004     (.cinit.AdcRegsFile.load) [load image, compression = zero_init]
                  0000bec4    00000004     (.cinit.AdcResultFile.load) [load image, compression = zero_init]
                  0000bec8    00000004     (.cinit.CpuTimer0RegsFile.load) [load image, compression = zero_init]
                  0000becc    00000004     (.cinit.CpuTimer1RegsFile.load) [load image, compression = zero_init]
                  0000bed0    00000004     (.cinit.CpuTimer2RegsFile.load) [load image, compression = zero_init]
                  0000bed4    00000004     (.cinit.EPwm1RegsFile.load) [load image, compression = zero_init]
                  0000bed8    00000004     (.cinit.EPwm2RegsFile.load) [load image, compression = zero_init]
                  0000bedc    00000004     (.cinit.EPwm3RegsFile.load) [load image, compression = zero_init]
                  0000bee0    00000004     (.cinit.EPwm4RegsFile.load) [load image, compression = zero_init]
                  0000bee4    00000004     (.cinit.EPwm5RegsFile.load) [load image, compression = zero_init]
                  0000bee8    00000004     (.cinit.EPwm6RegsFile.load) [load image, compression = zero_init]
                  0000beec    00000004     (.cinit.EPwm7RegsFile.load) [load image, compression = zero_init]
                  0000bef0    00000004     (.cinit.EPwm8RegsFile.load) [load image, compression = zero_init]
                  0000bef4    00000004     (.cinit.FlashRegsFile.load) [load image, compression = zero_init]
                  0000bef8    00000004     (.cinit.GpioCtrlRegsFile.load) [load image, compression = zero_init]
                  0000befc    00000004     (.cinit.GpioDataRegsFile.load) [load image, compression = zero_init]
                  0000bf00    00000004     (.cinit.PieCtrlRegsFile.load) [load image, compression = zero_init]
                  0000bf04    00000004     (.cinit.PieVectTableFile.load) [load image, compression = zero_init]
                  0000bf08    00000004     (.cinit.SciaRegsFile.load) [load image, compression = zero_init]
                  0000bf0c    00000004     (.cinit.SysCtrlRegsFile.load) [load image, compression = zero_init]
                  0000bf10    00000058     (__TI_cinit_table)

.stack     0    00000400    00000300     UNINITIALIZED
                  00000400    00000300     --HOLE--

.init_array 
*          0    00008802    00000000     UNINITIALIZED

.const     0    00008802    00000110     
                  00008802    0000006a     Controller.obj (.const:.string)
                  0000886c    00000010     Controller.obj (.const:Controller_ExtModeSignals)
                  0000887c    00000004     --HOLE-- [fill = 0]
                  00008880    0000003c     Controller_hal.obj (.const:pilv)
                  000088bc    00000010     Controller.obj (.const:Controller_sampleTime)
                  000088cc    00000010     pil_c28_fpu32_eabi.lib : seriallink.obj (.const:PIL_SLINK_crc16Lookup)
                  000088dc    0000000e     Controller.obj (.const)
                  000088ea    0000000c     Controller_hal.obj (.const:pilv:retain)
                  000088f6    00000008     Controller_hal.obj (.const)
                  000088fe    00000002     --HOLE-- [fill = 0]
                  00008900    0000000c     rts2800_fpu32_eabi.lib : s_floor.c.obj (.const)
                  0000890c    00000006     Controller.obj (.const:Controller_subTaskPeriod)

.bss       0    0000e000    00000968     UNINITIALIZED
                  0000e000    000003f8     Controller_hal.obj (.bss:ScopeBuffer)
                  0000e3f8    00000008     Controller.obj (.bss:Controller_tickHi)
                  0000e400    000003e2     Controller_hal.obj (.bss)
                  0000e7e2    00000046     Controller_hal.obj (.bss:AdcObj)
                  0000e828    00000018     Controller.obj (.bss:Controller_D_float)
                  0000e840    0000003e     Controller.obj (.bss)
                  0000e87e    00000002     Controller_hal.obj (.bss:AdcHandles)
                  0000e880    00000030     dispatcher.obj (.bss)
                  0000e8b0    00000028     Controller_hal.obj (.bss:TaskObj)
                  0000e8d8    0000001e     dio_2806x.obj (.bss)
                  0000e8f6    00000008     Controller.obj (.bss:Controller_tickLo)
                  0000e8fe    00000002     Controller_hal.obj (.bss:DinHandles)
                  0000e900    0000001e     power.obj (.bss)
                  0000e91e    00000018     Controller_hal.obj (.bss:EpwmObj)
                  0000e936    0000000c     Controller_hal.obj (.bss:EpwmHandles)
                  0000e942    00000008     Controller_hal.obj (.bss:DinObj)
                  0000e94a    00000008     Controller_hal.obj (.bss:DoutObj)
                  0000e952    00000006     Controller.obj (.bss:Controller_D_bool)
                  0000e958    00000006     Controller.obj (.bss:Controller_subTaskTick)
                  0000e95e    00000004     ain_2806x.obj (.bss)
                  0000e962    00000003     Controller.obj (.bss:Controller_subTaskHit)
                  0000e965    00000001     Controller.obj (.bss:Controller_Sema)
                  0000e966    00000002     Controller_hal.obj (.bss:DoutHandles)

.data      0    0000e968    00000012     UNINITIALIZED
                  0000e968    00000008     Controller_hal.obj (.data)
                  0000e970    00000006     rts2800_fpu32_eabi.lib : exit.c.obj (.data)
                  0000e976    00000002                            : _lock.c.obj (.data:_lock)
                  0000e978    00000002                            : _lock.c.obj (.data:_unlock)

ramfuncs   0    0000be88    0000001f     
                  0000be88    0000001b     F2806x_DevInit.obj (ramfuncs)
                  0000bea3    00000004     F2806x_usDelay.obj (ramfuncs)

.TI.ramfunc 
*          0    0000bea7    00000000     UNINITIALIZED

.reset     0    003fffc0    00000000     DSECT

vectors    0    003fffc2    00000000     DSECT

MODULE SUMMARY

       Module                          code    ro data   rw data
       ------                          ----    -------   -------
    .\output_TI2806x\
       Controller_hal.obj              2015    80        2186   
       Controller.obj                  1491    158       118    
       F2806x_GlobalVariableDefs.obj   0       0         1082   
       pwm_2806x.obj                   850     0         0      
       dispatcher.obj                  499     0         48     
       ain_2806x.obj                   355     0         4      
       power.obj                       303     0         30     
       dio_2806x.obj                   287     0         30     
       F2806x_DevInit.obj              260     0         0      
       sci_2806x.obj                   97      0         0      
       Controller_main.obj             16      0         0      
       F2806x_CodeStartBranch.obj      10      0         0      
       F2806x_usDelay.obj              4       0         0      
    +--+-------------------------------+-------+---------+---------+
       Total:                          6187    238       3498   
                                                                
    C:\Users\fluky\AppData\Local\Programs\PLECS C2000 TSP\cgt\ti-cgt-c2000_18.12.8.LTS\LIB\rts2800_fpu32_eabi.lib
       s_floor.c.obj                   233     12        0      
       fd_add28.asm.obj                156     0         0      
       fd_div28.asm.obj                139     0         0      
       fs_div28.asm.obj                136     0         0      
       fd_mpy28.asm.obj                131     0         0      
       s_cosf.c.obj                    99      0         0      
       s_sinf.c.obj                    89      0         0      
       copy_decompress_lzss.c.obj      49      0         0      
       exit.c.obj                      41      0         6      
       autoinit.c.obj                  43      0         0      
       fd_cmp28.asm.obj                42      0         0      
       fd_tol28.asm.obj                31      0         0      
       memcpy.c.obj                    29      0         0      
       fs_tofdfpu32.asm.obj            28      0         0      
       fd_toul28.asm.obj               27      0         0      
       ll_aox28.asm.obj                24      0         0      
       boot28.asm.obj                  23      0         0      
       _lock.c.obj                     9       0         4      
       args_main.c.obj                 12      0         0      
       copy_decompress_none.c.obj      8       0         0      
       memset.c.obj                    7       0         0      
       copy_zero_init.c.obj            6       0         0      
       pre_init.c.obj                  2       0         0      
       startup.c.obj                   1       0         0      
    +--+-------------------------------+-------+---------+---------+
       Total:                          1365    12        10     
                                                                
    C:\Users\fluky\Documents\Plexim\PLECS_RT_Box\tsp_ti_c2000\ccs\2806x\..\pil\pil_c28_fpu32_eabi.lib
       probes.obj                      1567    0         0      
       scope.obj                       1235    0         0      
       pil.obj                         1016    0         0      
       seriallink.obj                  808     16        0      
       basicservices.obj               550     0         0      
       remoteagent.obj                 514     0         0      
       parallelbridge.obj              370     0         0      
       ringbuf.obj                     100     0         0      
       pil_f28x_dis_int.obj            7       0         0      
    +--+-------------------------------+-------+---------+---------+
       Total:                          6167    16        0      
                                                                
       Stack:                          0       0         768    
       Linker Generated:               0       192       0      
    +--+-------------------------------+-------+---------+---------+
       Grand Total:                    13719   458       4276   


LINKER GENERATED COPY TABLES

__TI_cinit_table @ 0000bf10 records: 22, size/record: 4, table size: 88
	.data: load addr=0000bea8, load size=0000000e bytes, run addr=0000e968, run size=00000012 bytes, compression=lzss
	.bss: load addr=0000bebc, load size=00000004 bytes, run addr=0000e000, run size=00000968 bytes, compression=zero_init
	AdcRegsFile: load addr=0000bec0, load size=00000004 bytes, run addr=00007100, run size=00000050 bytes, compression=zero_init
	AdcResultFile: load addr=0000bec4, load size=00000004 bytes, run addr=00000b00, run size=00000010 bytes, compression=zero_init
	CpuTimer0RegsFile: load addr=0000bec8, load size=00000004 bytes, run addr=00000c00, run size=00000008 bytes, compression=zero_init
	CpuTimer1RegsFile: load addr=0000becc, load size=00000004 bytes, run addr=00000c08, run size=00000008 bytes, compression=zero_init
	CpuTimer2RegsFile: load addr=0000bed0, load size=00000004 bytes, run addr=00000c10, run size=00000008 bytes, compression=zero_init
	EPwm1RegsFile: load addr=0000bed4, load size=00000004 bytes, run addr=00006800, run size=00000040 bytes, compression=zero_init
	EPwm2RegsFile: load addr=0000bed8, load size=00000004 bytes, run addr=00006840, run size=00000040 bytes, compression=zero_init
	EPwm3RegsFile: load addr=0000bedc, load size=00000004 bytes, run addr=00006880, run size=00000040 bytes, compression=zero_init
	EPwm4RegsFile: load addr=0000bee0, load size=00000004 bytes, run addr=000068c0, run size=00000040 bytes, compression=zero_init
	EPwm5RegsFile: load addr=0000bee4, load size=00000004 bytes, run addr=00006900, run size=00000040 bytes, compression=zero_init
	EPwm6RegsFile: load addr=0000bee8, load size=00000004 bytes, run addr=00006940, run size=00000040 bytes, compression=zero_init
	EPwm7RegsFile: load addr=0000beec, load size=00000004 bytes, run addr=00006980, run size=00000040 bytes, compression=zero_init
	EPwm8RegsFile: load addr=0000bef0, load size=00000004 bytes, run addr=000069c0, run size=00000040 bytes, compression=zero_init
	FlashRegsFile: load addr=0000bef4, load size=00000004 bytes, run addr=00000a80, run size=00000008 bytes, compression=zero_init
	GpioCtrlRegsFile: load addr=0000bef8, load size=00000004 bytes, run addr=00006f80, run size=00000040 bytes, compression=zero_init
	GpioDataRegsFile: load addr=0000befc, load size=00000004 bytes, run addr=00006fc0, run size=00000020 bytes, compression=zero_init
	PieCtrlRegsFile: load addr=0000bf00, load size=00000004 bytes, run addr=00000ce0, run size=0000001a bytes, compression=zero_init
	PieVectTableFile: load addr=0000bf04, load size=00000004 bytes, run addr=00000d00, run size=00000100 bytes, compression=zero_init
	SciaRegsFile: load addr=0000bf08, load size=00000004 bytes, run addr=00007050, run size=00000010 bytes, compression=zero_init
	SysCtrlRegsFile: load addr=0000bf0c, load size=00000004 bytes, run addr=00007010, run size=00000030 bytes, compression=zero_init


LINKER GENERATED HANDLER TABLE

__TI_handler_table @ 0000beb6 records: 3, size/record: 2, table size: 6
	index: 0, handler: __TI_zero_init
	index: 1, handler: __TI_decompress_lzss
	index: 2, handler: __TI_decompress_none


GLOBAL DATA SYMBOLS: SORTED BY DATA PAGE

address     data page           name
--------    ----------------    ----
00000400      10 (00000400)     __stack

00000a80      2a (00000a80)     FlashRegs

00000b00      2c (00000b00)     AdcResult

00000c00      30 (00000c00)     CpuTimer0Regs
00000c08      30 (00000c00)     CpuTimer1Regs
00000c10      30 (00000c00)     CpuTimer2Regs

00000ce0      33 (00000cc0)     PieCtrlRegs

00000d00      34 (00000d00)     PieVectTable

00006800     1a0 (00006800)     EPwm1Regs

00006840     1a1 (00006840)     EPwm2Regs

00006880     1a2 (00006880)     EPwm3Regs

000068c0     1a3 (000068c0)     EPwm4Regs

00006900     1a4 (00006900)     EPwm5Regs

00006940     1a5 (00006940)     EPwm6Regs

00006980     1a6 (00006980)     EPwm7Regs

000069c0     1a7 (000069c0)     EPwm8Regs

00006f80     1be (00006f80)     GpioCtrlRegs

00006fc0     1bf (00006fc0)     GpioDataRegs

00007010     1c0 (00007000)     SysCtrlRegs

00007050     1c1 (00007040)     SciaRegs

00007100     1c4 (00007100)     AdcRegs

0000886c     221 (00008840)     Controller_ExtModeSignals

00008880     222 (00008880)     PIL_D_FrameworkVersion
00008881     222 (00008880)     PIL_D_StationAddress
00008882     222 (00008880)     PIL_D_BaudRate
00008884     222 (00008880)     PIL_D_Guid
0000888c     222 (00008880)     PIL_D_CompiledBy
00008898     222 (00008880)     PIL_D_FirmwareDescription
000088a8     222 (00008880)     PIL_D_CompiledDate
000088bc     222 (00008880)     Controller_sampleTime

000088cc     223 (000088c0)     PIL_SLINK_crc16Lookup
000088dc     223 (000088c0)     Controller_checksum
000088ea     223 (000088c0)     PIL_C_ExtMode_targetFloat_Size
000088ec     223 (000088c0)     PIL_C_ExtMode_targetPointer_Size
000088ee     223 (000088c0)     PIL_C_ExtMode_sampleTime_Ptr
000088f0     223 (000088c0)     PIL_C_ExtMode_checksum_Ptr
000088f2     223 (000088c0)     PIL_C_ExtMode_ExtModeSignals_Ptr
000088f4     223 (000088c0)     PIL_C_ExtMode_ExtModeSignals_Size

0000e000     380 (0000e000)     ScopeBuffer

0000e400     390 (0000e400)     SciHandle
0000e402     390 (0000e400)     SciObj

0000e440     391 (0000e440)     PilObj

0000e7e2     39f (0000e7c0)     AdcObj

0000e840     3a1 (0000e840)     Controller_X
0000e842     3a1 (0000e840)     Controller_errorStatus
0000e844     3a1 (0000e840)     Controller_B
0000e87e     3a1 (0000e840)     AdcHandles

0000e880     3a2 (0000e880)     DisprHandle
0000e882     3a2 (0000e880)     DisprObj
0000e8b0     3a2 (0000e880)     TaskObj

0000e8fe     3a3 (0000e8c0)     DinHandles

0000e900     3a4 (0000e900)     PLX_PWR_SHandle
0000e902     3a4 (0000e900)     PLX_PWR_SObj
0000e91e     3a4 (0000e900)     EpwmObj
0000e936     3a4 (0000e900)     EpwmHandles

0000e942     3a5 (0000e940)     DinObj
0000e94a     3a5 (0000e940)     DoutObj
0000e966     3a5 (0000e940)     DoutHandles
0000e96e     3a5 (0000e940)     PilHandle
0000e970     3a5 (0000e940)     __TI_enable_exit_profile_output
0000e972     3a5 (0000e940)     __TI_cleanup_ptr
0000e974     3a5 (0000e940)     __TI_dtors_ptr
0000e976     3a5 (0000e940)     _lock
0000e978     3a5 (0000e940)     _unlock


GLOBAL SYMBOLS: SORTED ALPHABETICALLY BY Name 

page  address   name                                 
----  -------   ----                                 
0     0000e87e  AdcHandles                           
0     0000e7e2  AdcObj                               
1     00007100  AdcRegs                              
1     00000b00  AdcResult                            
0     0000bcae  C$$EXIT                              
0     0000e844  Controller_B                         
0     0000886c  Controller_ExtModeSignals            
0     0000e840  Controller_X                         
0     00008923  Controller_background                
0     0000bbf1  Controller_baseTaskInterrupt         
0     000088dc  Controller_checksum                  
0     00008912  Controller_enableTasksInterrupt      
0     0000e842  Controller_errorStatus               
0     00008b38  Controller_initHal                   
0     00009af5  Controller_initialize                
0     000088bc  Controller_sampleTime                
0     000096da  Controller_step                      
0     0000891e  Controller_syncTimers                
0     000096d9  Controller_terminate                 
1     00000c00  CpuTimer0Regs                        
1     00000c08  CpuTimer1Regs                        
1     00000c10  CpuTimer2Regs                        
0     0000b301  DISPR_background                     
0     0000b406  DISPR_configure                      
0     0000bdcf  DISPR_dispatch                       
0     0000b400  DISPR_registerIdleTask               
0     0000b3fa  DISPR_registerSyncCallback           
0     0000b3b4  DISPR_registerTask                   
0     0000b2ee  DISPR_reset                          
0     0000b3ae  DISPR_setPowerupDelay                
0     0000b3a2  DISPR_sinit                          
0     0000b369  DISPR_start                          
0     0000bea3  DSP28x_usDelay                       
0     0000b81a  DeviceInit                           
0     0000e8fe  DinHandles                           
0     0000e942  DinObj                               
0     0000e880  DisprHandle                          
0     0000e882  DisprObj                             
0     0000e966  DoutHandles                          
0     0000e94a  DoutObj                              
1     00006800  EPwm1Regs                            
1     00006840  EPwm2Regs                            
1     00006880  EPwm3Regs                            
1     000068c0  EPwm4Regs                            
1     00006900  EPwm5Regs                            
1     00006940  EPwm6Regs                            
1     00006980  EPwm7Regs                            
1     000069c0  EPwm8Regs                            
0     0000e936  EpwmHandles                          
0     0000e91e  EpwmObj                              
0     0000b804  ExtOscSel                            
1     00000a80  FlashRegs                            
1     00006f80  GpioCtrlRegs                         
1     00006fc0  GpioDataRegs                         
0     0000bd95  ISR_ILLEGAL                          
0     0000be88  InitFlash                            
0     0000b79a  IntOsc1Sel                           
0     0000b7f0  IntOsc2Sel                           
0     0000b7e6  MemCopy                              
0     0000abf1  PIL_BSRVS_init                       
0     0000ac76  PIL_BSRVS_messageHandler             
0     0000ac09  PIL_BSRVS_setWriteInterlockHandler   
0     000088f2  PIL_C_ExtMode_ExtModeSignals_Ptr     
0     000088f4  PIL_C_ExtMode_ExtModeSignals_Size    
0     000088f0  PIL_C_ExtMode_checksum_Ptr           
0     000088ee  PIL_C_ExtMode_sampleTime_Ptr         
0     000088ea  PIL_C_ExtMode_targetFloat_Size       
0     000088ec  PIL_C_ExtMode_targetPointer_Size     
0     00008882  PIL_D_BaudRate                       
0     0000888c  PIL_D_CompiledBy                     
0     000088a8  PIL_D_CompiledDate                   
0     00008898  PIL_D_FirmwareDescription            
0     00008880  PIL_D_FrameworkVersion               
0     00008884  PIL_D_Guid                           
0     00008881  PIL_D_StationAddress                 
0     0000bdb8  PIL_DisableInt                       
0     0000b025  PIL_PBRIDGE_configure                
0     0000b019  PIL_PBRIDGE_init                     
0     0000b176  PIL_PBRIDGE_poll                     
0     0000b02e  PIL_PBRIDGE_setProtocol              
0     00009109  PIL_PROBES_getActualPilMode          
0     0000911e  PIL_PROBES_getActualPilStep          
0     00009110  PIL_PROBES_getDesiredPilMode         
0     00009128  PIL_PROBES_getDesiredPilStep         
0     00009117  PIL_PROBES_getPreviousPilMode        
0     000090ba  PIL_PROBES_init                      
0     0000925c  PIL_PROBES_messageHandler            
0     000090e7  PIL_PROBES_setActualPilMode          
0     000090fd  PIL_PROBES_setActualPilStep          
0     000090f4  PIL_PROBES_setDesiredPilMode         
0     0000ae96  PIL_RA_init                          
0     0000afcc  PIL_RA_pollLinkReq                   
0     0000af78  PIL_RA_pollLinkRsp                   
0     0000af31  PIL_RA_registerService               
0     0000a17f  PIL_RA_serialIn                      
0     0000af59  PIL_RA_serialIn_p                    
0     0000a18f  PIL_RA_serialOut                     
0     0000af69  PIL_RA_serialOut_p                   
0     0000af0d  PIL_RA_setChecksum                   
0     0000aef5  PIL_RA_setGuid                       
0     0000af25  PIL_RA_setNodeAddress                
0     0000ba7b  PIL_RBUF_isEmpty                     
0     0000bab3  PIL_RBUF_pop                         
0     0000ba89  PIL_RBUF_push                        
0     0000ba70  PIL_RBUF_reset                       
0     0000bdbc  PIL_RestoreInt                       
0     00009cd2  PIL_SCOPE_init                       
0     00009f54  PIL_SCOPE_messageHandler             
0     0000a19e  PIL_SCOPE_sample                     
0     00009db6  PIL_SCOPE_sample_p                   
0     00009ced  PIL_SCOPE_setBuffer                  
0     0000a1ac  PIL_SCOPE_trigger                    
0     00009e57  PIL_SCOPE_trigger_p                  
0     000088cc  PIL_SLINK_crc16Lookup                
0     0000a8f1  PIL_SLINK_in                         
0     0000a8c9  PIL_SLINK_init                       
0     0000a8fe  PIL_SLINK_out                        
0     0000a939  PIL_SLINK_outBufIsEmpty              
0     0000aad2  PIL_SLINK_receive                    
0     0000aab2  PIL_SLINK_send                       
0     0000a29e  PIL_allowPilSimulation               
0     0000a3f5  PIL_backgroundCall                   
0     0000a33d  PIL_beginInterruptCall               
0     0000a241  PIL_configureParallelCom             
0     0000a2c9  PIL_inhibitPilSimulation             
0     0000a4b1  PIL_init                             
0     0000a2f4  PIL_requestNormalMode                
0     0000a30d  PIL_requestReadyMode                 
0     0000a287  PIL_setAndConfigScopeBuffer          
0     0000a279  PIL_setBackgroundCommCallback        
0     0000a1df  PIL_setChecksum                      
0     0000a26b  PIL_setCtrlCallback                  
0     0000a1ba  PIL_setGuid                          
0     0000a25b  PIL_setNodeAddress                   
0     0000a228  PIL_setSerialComCallback             
0     0000a495  PIL_setWriteInterlockHandler         
0     0000a326  PIL_simulationActive                 
0     0000b7aa  PLLset                               
0     00008b1a  PLXHAL_ADC_getIn                     
0     00008afc  PLXHAL_DIO_get                       
0     00008adc  PLXHAL_DIO_set                       
0     00008ad5  PLXHAL_DISPR_getTask0LoadInPercent   
0     00008acf  PLXHAL_DISPR_getTimeStamp0           
0     00008ac9  PLXHAL_DISPR_getTimeStamp1           
0     00008ac3  PLXHAL_DISPR_getTimeStamp2           
0     00008abd  PLXHAL_DISPR_getTimeStamp3           
0     00008ab7  PLXHAL_DISPR_getTimeStampB           
0     00008ab1  PLXHAL_DISPR_getTimeStampD           
0     00008aab  PLXHAL_DISPR_getTimeStampP           
0     00008aa9  PLXHAL_PWM_prepareSetOutToXTransition
0     00008a6d  PLXHAL_PWM_setDuty                   
0     00008a42  PLXHAL_PWM_setScaledDeadTimeCounts   
0     0000898e  PLXHAL_PWM_setSequence               
0     0000898c  PLXHAL_PWM_setToOperational          
0     0000898a  PLXHAL_PWM_setToPassive              
0     0000b52a  PLXHAL_PWR_isEnabled                 
0     00008985  PLXHAL_PWR_setEnableRequest          
0     00008962  PLXHAL_PWR_syncdPwmEnable            
0     0000b2ac  PLX_AIN_configure                    
0     0000b252  PLX_AIN_getRegisterBase              
0     0000b24b  PLX_AIN_init                         
0     0000b235  PLX_AIN_resetChannelSetup            
0     0000b229  PLX_AIN_setDefaultAdcParams          
0     0000b218  PLX_AIN_setDefaultChannelParams      
0     0000b1d5  PLX_AIN_setupChannel                 
0     0000b18b  PLX_AIN_sinit                        
0     0000b61a  PLX_DIO_configureIn                  
0     0000b5ea  PLX_DIO_configureOut                 
0     0000b576  PLX_DIO_init                         
0     0000b56e  PLX_DIO_obtainDummyRead              
0     0000b56b  PLX_DIO_obtainDummyWrite             
0     0000b557  PLX_DIO_sinit                        
0     0000a6ab  PLX_PWM_configure                    
0     0000a676  PLX_PWM_getRegisterBase              
0     0000a66f  PLX_PWM_init                         
0     0000a637  PLX_PWM_scalePeriod                  
0     0000a5e8  PLX_PWM_setDefaultParams             
0     0000a589  PLX_PWM_setPhase                     
0     0000a577  PLX_PWM_sinit                        
0     0000e900  PLX_PWR_SHandle                      
0     0000e902  PLX_PWR_SObj                         
0     0000b544  PLX_PWR_configure                    
0     0000b52a  PLX_PWR_isEnabled                    
0     0000b51c  PLX_PWR_isReadyForEnable             
0     0000b50b  PLX_PWR_registerPwmChannel           
0     0000b47c  PLX_PWR_runFsm                       
0     0000b438  PLX_PWR_setEnableRequest             
0     0000b42f  PLX_PWR_setPilMode                   
0     0000b428  PLX_PWR_sinit                        
0     0000bb95  PLX_SCI_configure                    
0     0000bb8e  PLX_SCI_init                         
0     0000bb37  PLX_SCI_setupPort                    
0     0000b77b  PieCntlInit                          
1     00000ce0  PieCtrlRegs                          
1     00000d00  PieVectTable                         
0     0000b767  PieVectTableInit                     
0     0000e96e  PilHandle                            
0     0000e440  PilObj                               
0     0000e400  SciHandle                            
0     0000e402  SciObj                               
1     00007050  SciaRegs                             
0     0000e000  ScopeBuffer                          
1     00007010  SysCtrlRegs                          
0     0000e8b0  TaskObj                              
0     0000b75f  WDogDisable                          
0     0000bf10  __TI_CINIT_Base                      
0     0000bf68  __TI_CINIT_Limit                     
0     0000beb6  __TI_Handler_Table_Base              
0     0000bebc  __TI_Handler_Table_Limit             
0     00000700  __TI_STACK_END                       
abs   00000300  __TI_STACK_SIZE                      
0     0000bc59  __TI_auto_init_nobinit_nopinit       
0     0000e972  __TI_cleanup_ptr                     
0     0000bc28  __TI_decompress_lzss                 
0     0000bdb0  __TI_decompress_none                 
0     0000e974  __TI_dtors_ptr                       
0     0000e970  __TI_enable_exit_profile_output      
abs   ffffffff  __TI_pprof_out_hndl                  
abs   ffffffff  __TI_prof_data_size                  
abs   ffffffff  __TI_prof_data_start                 
0     0000bdc6  __TI_zero_init                       
0     0000b83e  __c28xabi_addd                       
0     0000bd4a  __c28xabi_andll                      
0     0000bc84  __c28xabi_cmpd                       
0     0000b8da  __c28xabi_divd                       
0     0000b965  __c28xabi_divf                       
0     0000bcd7  __c28xabi_dtol                       
0     0000bd2f  __c28xabi_dtoul                      
0     0000bd13  __c28xabi_ftod                       
0     0000b9ed  __c28xabi_mpyd                       
0     0000bd52  __c28xabi_orll                       
0     0000bd5a  __c28xabi_xorll                      
n/a   UNDEFED   __c_args__                           
0     00000400  __stack                              
0     0000bd89  _args_main                           
0     0000bd62  _c_int00                             
0     0000e976  _lock                                
0     0000bda7  _nop                                 
0     0000bda3  _register_lock                       
0     0000bd9f  _register_unlock                     
0     0000bdce  _system_post_cinit                   
0     0000bdcc  _system_pre_init                     
0     0000e978  _unlock                              
0     0000bcae  abort                                
0     00008800  code_start                           
0     0000bad4  cosf                                 
0     0000bcb0  exit                                 
0     0000b676  floor                                
0     0000b676  floorl                               
0     0000bd79  main                                 
0     0000bcf6  memcpy                               
0     0000bdbf  memset                               
0     0000bb98  sinf                                 


GLOBAL SYMBOLS: SORTED BY Symbol Address 

page  address   name                                 
----  -------   ----                                 
0     00000400  __stack                              
0     00000700  __TI_STACK_END                       
0     00008800  code_start                           
0     0000886c  Controller_ExtModeSignals            
0     00008880  PIL_D_FrameworkVersion               
0     00008881  PIL_D_StationAddress                 
0     00008882  PIL_D_BaudRate                       
0     00008884  PIL_D_Guid                           
0     0000888c  PIL_D_CompiledBy                     
0     00008898  PIL_D_FirmwareDescription            
0     000088a8  PIL_D_CompiledDate                   
0     000088bc  Controller_sampleTime                
0     000088cc  PIL_SLINK_crc16Lookup                
0     000088dc  Controller_checksum                  
0     000088ea  PIL_C_ExtMode_targetFloat_Size       
0     000088ec  PIL_C_ExtMode_targetPointer_Size     
0     000088ee  PIL_C_ExtMode_sampleTime_Ptr         
0     000088f0  PIL_C_ExtMode_checksum_Ptr           
0     000088f2  PIL_C_ExtMode_ExtModeSignals_Ptr     
0     000088f4  PIL_C_ExtMode_ExtModeSignals_Size    
0     00008912  Controller_enableTasksInterrupt      
0     0000891e  Controller_syncTimers                
0     00008923  Controller_background                
0     00008962  PLXHAL_PWR_syncdPwmEnable            
0     00008985  PLXHAL_PWR_setEnableRequest          
0     0000898a  PLXHAL_PWM_setToPassive              
0     0000898c  PLXHAL_PWM_setToOperational          
0     0000898e  PLXHAL_PWM_setSequence               
0     00008a42  PLXHAL_PWM_setScaledDeadTimeCounts   
0     00008a6d  PLXHAL_PWM_setDuty                   
0     00008aa9  PLXHAL_PWM_prepareSetOutToXTransition
0     00008aab  PLXHAL_DISPR_getTimeStampP           
0     00008ab1  PLXHAL_DISPR_getTimeStampD           
0     00008ab7  PLXHAL_DISPR_getTimeStampB           
0     00008abd  PLXHAL_DISPR_getTimeStamp3           
0     00008ac3  PLXHAL_DISPR_getTimeStamp2           
0     00008ac9  PLXHAL_DISPR_getTimeStamp1           
0     00008acf  PLXHAL_DISPR_getTimeStamp0           
0     00008ad5  PLXHAL_DISPR_getTask0LoadInPercent   
0     00008adc  PLXHAL_DIO_set                       
0     00008afc  PLXHAL_DIO_get                       
0     00008b1a  PLXHAL_ADC_getIn                     
0     00008b38  Controller_initHal                   
0     000090ba  PIL_PROBES_init                      
0     000090e7  PIL_PROBES_setActualPilMode          
0     000090f4  PIL_PROBES_setDesiredPilMode         
0     000090fd  PIL_PROBES_setActualPilStep          
0     00009109  PIL_PROBES_getActualPilMode          
0     00009110  PIL_PROBES_getDesiredPilMode         
0     00009117  PIL_PROBES_getPreviousPilMode        
0     0000911e  PIL_PROBES_getActualPilStep          
0     00009128  PIL_PROBES_getDesiredPilStep         
0     0000925c  PIL_PROBES_messageHandler            
0     000096d9  Controller_terminate                 
0     000096da  Controller_step                      
0     00009af5  Controller_initialize                
0     00009cd2  PIL_SCOPE_init                       
0     00009ced  PIL_SCOPE_setBuffer                  
0     00009db6  PIL_SCOPE_sample_p                   
0     00009e57  PIL_SCOPE_trigger_p                  
0     00009f54  PIL_SCOPE_messageHandler             
0     0000a17f  PIL_RA_serialIn                      
0     0000a18f  PIL_RA_serialOut                     
0     0000a19e  PIL_SCOPE_sample                     
0     0000a1ac  PIL_SCOPE_trigger                    
0     0000a1ba  PIL_setGuid                          
0     0000a1df  PIL_setChecksum                      
0     0000a228  PIL_setSerialComCallback             
0     0000a241  PIL_configureParallelCom             
0     0000a25b  PIL_setNodeAddress                   
0     0000a26b  PIL_setCtrlCallback                  
0     0000a279  PIL_setBackgroundCommCallback        
0     0000a287  PIL_setAndConfigScopeBuffer          
0     0000a29e  PIL_allowPilSimulation               
0     0000a2c9  PIL_inhibitPilSimulation             
0     0000a2f4  PIL_requestNormalMode                
0     0000a30d  PIL_requestReadyMode                 
0     0000a326  PIL_simulationActive                 
0     0000a33d  PIL_beginInterruptCall               
0     0000a3f5  PIL_backgroundCall                   
0     0000a495  PIL_setWriteInterlockHandler         
0     0000a4b1  PIL_init                             
0     0000a577  PLX_PWM_sinit                        
0     0000a589  PLX_PWM_setPhase                     
0     0000a5e8  PLX_PWM_setDefaultParams             
0     0000a637  PLX_PWM_scalePeriod                  
0     0000a66f  PLX_PWM_init                         
0     0000a676  PLX_PWM_getRegisterBase              
0     0000a6ab  PLX_PWM_configure                    
0     0000a8c9  PIL_SLINK_init                       
0     0000a8f1  PIL_SLINK_in                         
0     0000a8fe  PIL_SLINK_out                        
0     0000a939  PIL_SLINK_outBufIsEmpty              
0     0000aab2  PIL_SLINK_send                       
0     0000aad2  PIL_SLINK_receive                    
0     0000abf1  PIL_BSRVS_init                       
0     0000ac09  PIL_BSRVS_setWriteInterlockHandler   
0     0000ac76  PIL_BSRVS_messageHandler             
0     0000ae96  PIL_RA_init                          
0     0000aef5  PIL_RA_setGuid                       
0     0000af0d  PIL_RA_setChecksum                   
0     0000af25  PIL_RA_setNodeAddress                
0     0000af31  PIL_RA_registerService               
0     0000af59  PIL_RA_serialIn_p                    
0     0000af69  PIL_RA_serialOut_p                   
0     0000af78  PIL_RA_pollLinkRsp                   
0     0000afcc  PIL_RA_pollLinkReq                   
0     0000b019  PIL_PBRIDGE_init                     
0     0000b025  PIL_PBRIDGE_configure                
0     0000b02e  PIL_PBRIDGE_setProtocol              
0     0000b176  PIL_PBRIDGE_poll                     
0     0000b18b  PLX_AIN_sinit                        
0     0000b1d5  PLX_AIN_setupChannel                 
0     0000b218  PLX_AIN_setDefaultChannelParams      
0     0000b229  PLX_AIN_setDefaultAdcParams          
0     0000b235  PLX_AIN_resetChannelSetup            
0     0000b24b  PLX_AIN_init                         
0     0000b252  PLX_AIN_getRegisterBase              
0     0000b2ac  PLX_AIN_configure                    
0     0000b2ee  DISPR_reset                          
0     0000b301  DISPR_background                     
0     0000b369  DISPR_start                          
0     0000b3a2  DISPR_sinit                          
0     0000b3ae  DISPR_setPowerupDelay                
0     0000b3b4  DISPR_registerTask                   
0     0000b3fa  DISPR_registerSyncCallback           
0     0000b400  DISPR_registerIdleTask               
0     0000b406  DISPR_configure                      
0     0000b428  PLX_PWR_sinit                        
0     0000b42f  PLX_PWR_setPilMode                   
0     0000b438  PLX_PWR_setEnableRequest             
0     0000b47c  PLX_PWR_runFsm                       
0     0000b50b  PLX_PWR_registerPwmChannel           
0     0000b51c  PLX_PWR_isReadyForEnable             
0     0000b52a  PLXHAL_PWR_isEnabled                 
0     0000b52a  PLX_PWR_isEnabled                    
0     0000b544  PLX_PWR_configure                    
0     0000b557  PLX_DIO_sinit                        
0     0000b56b  PLX_DIO_obtainDummyWrite             
0     0000b56e  PLX_DIO_obtainDummyRead              
0     0000b576  PLX_DIO_init                         
0     0000b5ea  PLX_DIO_configureOut                 
0     0000b61a  PLX_DIO_configureIn                  
0     0000b676  floor                                
0     0000b676  floorl                               
0     0000b75f  WDogDisable                          
0     0000b767  PieVectTableInit                     
0     0000b77b  PieCntlInit                          
0     0000b79a  IntOsc1Sel                           
0     0000b7aa  PLLset                               
0     0000b7e6  MemCopy                              
0     0000b7f0  IntOsc2Sel                           
0     0000b804  ExtOscSel                            
0     0000b81a  DeviceInit                           
0     0000b83e  __c28xabi_addd                       
0     0000b8da  __c28xabi_divd                       
0     0000b965  __c28xabi_divf                       
0     0000b9ed  __c28xabi_mpyd                       
0     0000ba70  PIL_RBUF_reset                       
0     0000ba7b  PIL_RBUF_isEmpty                     
0     0000ba89  PIL_RBUF_push                        
0     0000bab3  PIL_RBUF_pop                         
0     0000bad4  cosf                                 
0     0000bb37  PLX_SCI_setupPort                    
0     0000bb8e  PLX_SCI_init                         
0     0000bb95  PLX_SCI_configure                    
0     0000bb98  sinf                                 
0     0000bbf1  Controller_baseTaskInterrupt         
0     0000bc28  __TI_decompress_lzss                 
0     0000bc59  __TI_auto_init_nobinit_nopinit       
0     0000bc84  __c28xabi_cmpd                       
0     0000bcae  C$$EXIT                              
0     0000bcae  abort                                
0     0000bcb0  exit                                 
0     0000bcd7  __c28xabi_dtol                       
0     0000bcf6  memcpy                               
0     0000bd13  __c28xabi_ftod                       
0     0000bd2f  __c28xabi_dtoul                      
0     0000bd4a  __c28xabi_andll                      
0     0000bd52  __c28xabi_orll                       
0     0000bd5a  __c28xabi_xorll                      
0     0000bd62  _c_int00                             
0     0000bd79  main                                 
0     0000bd89  _args_main                           
0     0000bd95  ISR_ILLEGAL                          
0     0000bd9f  _register_unlock                     
0     0000bda3  _register_lock                       
0     0000bda7  _nop                                 
0     0000bdb0  __TI_decompress_none                 
0     0000bdb8  PIL_DisableInt                       
0     0000bdbc  PIL_RestoreInt                       
0     0000bdbf  memset                               
0     0000bdc6  __TI_zero_init                       
0     0000bdcc  _system_pre_init                     
0     0000bdce  _system_post_cinit                   
0     0000bdcf  DISPR_dispatch                       
0     0000be88  InitFlash                            
0     0000bea3  DSP28x_usDelay                       
0     0000beb6  __TI_Handler_Table_Base              
0     0000bebc  __TI_Handler_Table_Limit             
0     0000bf10  __TI_CINIT_Base                      
0     0000bf68  __TI_CINIT_Limit                     
0     0000e000  ScopeBuffer                          
0     0000e400  SciHandle                            
0     0000e402  SciObj                               
0     0000e440  PilObj                               
0     0000e7e2  AdcObj                               
0     0000e840  Controller_X                         
0     0000e842  Controller_errorStatus               
0     0000e844  Controller_B                         
0     0000e87e  AdcHandles                           
0     0000e880  DisprHandle                          
0     0000e882  DisprObj                             
0     0000e8b0  TaskObj                              
0     0000e8fe  DinHandles                           
0     0000e900  PLX_PWR_SHandle                      
0     0000e902  PLX_PWR_SObj                         
0     0000e91e  EpwmObj                              
0     0000e936  EpwmHandles                          
0     0000e942  DinObj                               
0     0000e94a  DoutObj                              
0     0000e966  DoutHandles                          
0     0000e96e  PilHandle                            
0     0000e970  __TI_enable_exit_profile_output      
0     0000e972  __TI_cleanup_ptr                     
0     0000e974  __TI_dtors_ptr                       
0     0000e976  _lock                                
0     0000e978  _unlock                              
1     00000a80  FlashRegs                            
1     00000b00  AdcResult                            
1     00000c00  CpuTimer0Regs                        
1     00000c08  CpuTimer1Regs                        
1     00000c10  CpuTimer2Regs                        
1     00000ce0  PieCtrlRegs                          
1     00000d00  PieVectTable                         
1     00006800  EPwm1Regs                            
1     00006840  EPwm2Regs                            
1     00006880  EPwm3Regs                            
1     000068c0  EPwm4Regs                            
1     00006900  EPwm5Regs                            
1     00006940  EPwm6Regs                            
1     00006980  EPwm7Regs                            
1     000069c0  EPwm8Regs                            
1     00006f80  GpioCtrlRegs                         
1     00006fc0  GpioDataRegs                         
1     00007010  SysCtrlRegs                          
1     00007050  SciaRegs                             
1     00007100  AdcRegs                              
abs   00000300  __TI_STACK_SIZE                      
abs   ffffffff  __TI_pprof_out_hndl                  
abs   ffffffff  __TI_prof_data_size                  
abs   ffffffff  __TI_prof_data_start                 
n/a   UNDEFED   __c_args__                           

[253 symbols]
